#
# There is insufficient memory for the Java Runtime Environment to continue.
# Native memory allocation (malloc) failed to allocate 163872 bytes for Chunk::new
# Possible reasons:
#   The system is out of physical RAM or swap space
#   The process is running with CompressedOops enabled, and the Java Heap may be blocking the growth of the native heap
# Possible solutions:
#   Reduce memory load on the system
#   Increase physical memory or swap space
#   Check if swap backing store is full
#   Decrease Java heap size (-Xmx/-Xms)
#   Decrease number of Java threads
#   Decrease Java thread stack sizes (-Xss)
#   Set larger code cache with -XX:ReservedCodeCacheSize=
#   JVM is running with Unscaled Compressed Oops mode in which the Java heap is
#     placed in the first 4GB address space. The Java Heap base address is the
#     maximum limit for the native heap growth. Please use -XX:HeapBaseMinAddress
#     to set the Java Heap base and to place the Java Heap above 4GB virtual address.
# This output file may be truncated or incomplete.
#
#  Out of Memory Error (arena.cpp:184), pid=6588, tid=11592
#
# JRE version: OpenJDK Runtime Environment (20.0.2+9) (build 20.0.2+9-78)
# Java VM: OpenJDK 64-Bit Server VM (20.0.2+9-78, mixed mode, sharing, tiered, compressed oops, compressed class ptrs, g1 gc, windows-amd64)
# No core dump will be written. Minidumps are not enabled by default on client versions of Windows
#

---------------  S U M M A R Y ------------

Command Line: --add-opens=java.base/java.lang=ALL-UNNAMED --add-opens=java.base/java.lang.invoke=ALL-UNNAMED --add-opens=java.base/java.util=ALL-UNNAMED --add-opens=java.prefs/java.util.prefs=ALL-UNNAMED --add-exports=jdk.compiler/com.sun.tools.javac.api=ALL-UNNAMED --add-exports=jdk.compiler/com.sun.tools.javac.util=ALL-UNNAMED --add-opens=java.base/java.util=ALL-UNNAMED --add-opens=java.prefs/java.util.prefs=ALL-UNNAMED --add-opens=java.base/java.nio.charset=ALL-UNNAMED --add-opens=java.base/java.net=ALL-UNNAMED --add-opens=java.base/java.util.concurrent.atomic=ALL-UNNAMED --add-opens=java.xml/javax.xml.namespace=ALL-UNNAMED -Xmx2048m -Dfile.encoding=UTF-8 -Duser.country=CN -Duser.language=zh -Duser.variant -javaagent:C:\Users\admin\.gradle\wrapper\dists\gradle-8.14.3-bin\cv11ve7ro1n3o1j4so8xd9n66\gradle-8.14.3\lib\agents\gradle-instrumentation-agent-8.14.3.jar org.gradle.launcher.daemon.bootstrap.GradleDaemon 8.14.3

Host: 12th Gen Intel(R) Core(TM) i5-12400, 6 cores, 7G,  Windows 11 , 64 bit Build 26100 (10.0.26100.8246)
Time: Sun Apr 26 18:48:19 2026  Windows 11 , 64 bit Build 26100 (10.0.26100.8246) elapsed time: 62.129858 seconds (0d 0h 1m 2s)

---------------  T H R E A D  ---------------

Current thread (0x000000001f3d47e0):  JavaThread "C2 CompilerThread0" daemon [_thread_in_native, id=11592, stack(0x0000000064e00000,0x0000000064f00000)]


Current CompileTask:
C2:  62129 15411   !   4       java.util.concurrent.LinkedBlockingQueue::poll (128 bytes)

Stack: [0x0000000064e00000,0x0000000064f00000]
Native frames: (J=compiled Java code, j=interpreted, Vv=VM code, C=native code)
V  [jvm.dll+0x6bc25a]
V  [jvm.dll+0x84971a]
V  [jvm.dll+0x84b315]
V  [jvm.dll+0x84ba13]
V  [jvm.dll+0x280e4f]
V  [jvm.dll+0xc2ab1]
V  [jvm.dll+0xc2dd5]
V  [jvm.dll+0x3bb64c]
V  [jvm.dll+0x385b75]
V  [jvm.dll+0x384fea]
V  [jvm.dll+0x24b529]
V  [jvm.dll+0x24a921]
V  [jvm.dll+0x1ce761]
V  [jvm.dll+0x25a0eb]
V  [jvm.dll+0x2587c0]
V  [jvm.dll+0x3f2dd5]
V  [jvm.dll+0x7f5c76]
V  [jvm.dll+0x6baecb]
C  [ucrtbase.dll+0x37b0]
C  [KERNEL32.DLL+0x2e8d7]
C  [ntdll.dll+0x8c3fc]


---------------  P R O C E S S  ---------------

Threads class SMR info:
_java_thread_list=0x000000007516e990, length=63, elements={
0x0000000002bcea10, 0x000000001f3bfcd0, 0x000000001f3c0810, 0x000000001f3c4de0,
0x000000001f3c5ab0, 0x000000001f3c9500, 0x000000001f3c80e0, 0x000000001f3d47e0,
0x000000001f3d5430, 0x00000000650fbfc0, 0x00000000650fba70, 0x00000000650fcfb0,
0x00000000650faa80, 0x00000000650f9fe0, 0x00000000650fa530, 0x00000000650fafd0,
0x00000000650fb520, 0x00000000671b5050, 0x00000000671b55a0, 0x00000000671b4b00,
0x00000000671b4060, 0x00000000671b7030, 0x00000000671b5af0, 0x00000000671b7580,
0x00000000671b7ad0, 0x00000000671b8020, 0x00000000671b45b0, 0x00000000671baff0,
0x00000000671ba000, 0x00000000671b9010, 0x00000000671b9ab0, 0x00000000671bba90,
0x00000000671bb540, 0x00000000671b8570, 0x00000000650fc510, 0x000000006b76ef20,
0x000000006b76f9c0, 0x000000006b7709b0, 0x000000006b76e480, 0x000000006b771ef0,
0x000000006b770460, 0x000000006b772440, 0x000000006b772990, 0x000000006b773ed0,
0x000000006b774420, 0x000000006b774970, 0x000000006b770f00, 0x000000006b775eb0,
0x000000006b775410, 0x000000006b775960, 0x00000000671baaa0, 0x00000000650fca60,
0x0000000067974ae0, 0x0000000067975ad0, 0x0000000067975580, 0x0000000067973af0,
0x0000000067973050, 0x0000000067978000, 0x0000000067979540, 0x0000000073839b00,
0x000000007383c030, 0x000000007383d020, 0x000000007383a5a0
}

Java Threads: ( => current thread )
  0x0000000002bcea10 JavaThread "main" [_thread_blocked, id=4368, stack(0x0000000000ca0000,0x0000000000da0000)]
  0x000000001f3bfcd0 JavaThread "Reference Handler" daemon [_thread_blocked, id=1816, stack(0x0000000064800000,0x0000000064900000)]
  0x000000001f3c0810 JavaThread "Finalizer" daemon [_thread_blocked, id=4956, stack(0x0000000064900000,0x0000000064a00000)]
  0x000000001f3c4de0 JavaThread "Signal Dispatcher" daemon [_thread_blocked, id=9256, stack(0x0000000064a00000,0x0000000064b00000)]
  0x000000001f3c5ab0 JavaThread "Attach Listener" daemon [_thread_blocked, id=7276, stack(0x0000000064b00000,0x0000000064c00000)]
  0x000000001f3c9500 JavaThread "Service Thread" daemon [_thread_blocked, id=7844, stack(0x0000000064c00000,0x0000000064d00000)]
  0x000000001f3c80e0 JavaThread "Monitor Deflation Thread" daemon [_thread_blocked, id=7640, stack(0x0000000064d00000,0x0000000064e00000)]
=>0x000000001f3d47e0 JavaThread "C2 CompilerThread0" daemon [_thread_in_native, id=11592, stack(0x0000000064e00000,0x0000000064f00000)]
  0x000000001f3d5430 JavaThread "C1 CompilerThread0" daemon [_thread_blocked, id=5016, stack(0x0000000064f00000,0x0000000065000000)]
  0x00000000650fbfc0 JavaThread "Common-Cleaner" daemon [_thread_blocked, id=12212, stack(0x0000000065400000,0x0000000065500000)]
  0x00000000650fba70 JavaThread "Notification Thread" daemon [_thread_blocked, id=11588, stack(0x0000000065500000,0x0000000065600000)]
  0x00000000650fcfb0 JavaThread "Daemon health stats" [_thread_blocked, id=5056, stack(0x00000000683a0000,0x00000000684a0000)]
  0x00000000650faa80 JavaThread "Incoming local TCP Connector on port 56630" [_thread_in_native, id=10072, stack(0x00000000687e0000,0x00000000688e0000)]
  0x00000000650f9fe0 JavaThread "Daemon periodic checks" [_thread_blocked, id=11864, stack(0x0000000068990000,0x0000000068a90000)]
  0x00000000650fa530 JavaThread "Daemon" [_thread_blocked, id=6420, stack(0x0000000068a90000,0x0000000068b90000)]
  0x00000000650fafd0 JavaThread "Handler for socket connection from /127.0.0.1:56630 to /127.0.0.1:56631" [_thread_in_native, id=3416, stack(0x0000000068c90000,0x0000000068d90000)]
  0x00000000650fb520 JavaThread "Cancel handler" [_thread_blocked, id=3836, stack(0x0000000068e90000,0x0000000068f90000)]
  0x00000000671b5050 JavaThread "Daemon worker" [_thread_blocked, id=11296, stack(0x0000000068f90000,0x0000000069090000)]
  0x00000000671b55a0 JavaThread "Asynchronous log dispatcher for DefaultDaemonConnection: socket connection from /127.0.0.1:56630 to /127.0.0.1:56631" [_thread_blocked, id=11580, stack(0x0000000069090000,0x0000000069190000)]
  0x00000000671b4b00 JavaThread "Stdin handler" [_thread_blocked, id=11324, stack(0x0000000069190000,0x0000000069290000)]
  0x00000000671b4060 JavaThread "Daemon client event forwarder" [_thread_blocked, id=10856, stack(0x0000000069290000,0x0000000069390000)]
  0x00000000671b7030 JavaThread "Cache worker for journal cache (C:\Users\admin\.gradle\caches\journal-1)" [_thread_blocked, id=2616, stack(0x0000000069390000,0x0000000069490000)]
  0x00000000671b5af0 JavaThread "File lock request listener" [_thread_in_native, id=10560, stack(0x0000000069490000,0x0000000069590000)]
  0x00000000671b7580 JavaThread "Cache worker for file hash cache (C:\Users\admin\.gradle\caches\8.14.3\fileHashes)" [_thread_blocked, id=1168, stack(0x0000000069590000,0x0000000069690000)]
  0x00000000671b7ad0 JavaThread "Cache worker for file hash cache (C:\MyWork\tmpcode\tauri2demo\backend\src-tauri\gen\android\.gradle\8.14.3\fileHashes)" [_thread_blocked, id=4636, stack(0x000000006a760000,0x000000006a860000)]
  0x00000000671b8020 JavaThread "Cache worker for Build Output Cleanup Cache (C:\MyWork\tmpcode\tauri2demo\backend\src-tauri\gen\android\.gradle\buildOutputCleanup)" [_thread_blocked, id=8492, stack(0x000000006a860000,0x000000006a960000)]
  0x00000000671b45b0 JavaThread "Cache worker for Build Output Cleanup Cache (C:\MyWork\tmpcode\tauri2demo\backend\src-tauri\gen\android\buildSrc\.gradle\buildOutputCleanup)" [_thread_blocked, id=8576, stack(0x000000006a960000,0x000000006aa60000)]
  0x00000000671baff0 JavaThread "File watcher server" daemon [_thread_in_native, id=9188, stack(0x000000006ba80000,0x000000006bb80000)]
  0x00000000671ba000 JavaThread "File watcher consumer" daemon [_thread_blocked, id=6688, stack(0x000000006bb80000,0x000000006bc80000)]
  0x00000000671b9010 JavaThread "jar transforms" [_thread_blocked, id=4868, stack(0x000000006bc80000,0x000000006bd80000)]
  0x00000000671b9ab0 JavaThread "jar transforms Thread 2" [_thread_blocked, id=1836, stack(0x000000006c0d0000,0x000000006c1d0000)]
  0x00000000671bba90 JavaThread "Cache worker for checksums cache (C:\MyWork\tmpcode\tauri2demo\backend\src-tauri\gen\android\.gradle\8.14.3\checksums)" [_thread_blocked, id=9600, stack(0x000000006bf70000,0x000000006c070000)]
  0x00000000671bb540 JavaThread "Cache worker for file content cache (C:\Users\admin\.gradle\caches\8.14.3\fileContent)" [_thread_blocked, id=4276, stack(0x000000006c3e0000,0x000000006c4e0000)]
  0x00000000671b8570 JavaThread "jar transforms Thread 3" [_thread_blocked, id=5916, stack(0x000000006bd80000,0x000000006be80000)]
  0x00000000650fc510 JavaThread "jar transforms Thread 4" [_thread_blocked, id=4900, stack(0x000000006c1d0000,0x000000006c2d0000)]
  0x000000006b76ef20 JavaThread "Cache worker for cache directory md-supplier (C:\Users\admin\.gradle\caches\8.14.3\md-supplier)" [_thread_blocked, id=1660, stack(0x000000006c2d0000,0x000000006c3d0000)]
  0x000000006b76f9c0 JavaThread "Cache worker for cache directory md-rule (C:\Users\admin\.gradle\caches\8.14.3\md-rule)" [_thread_blocked, id=8768, stack(0x000000006c4e0000,0x000000006c5e0000)]
  0x000000006b7709b0 JavaThread "Memory manager" [_thread_blocked, id=9620, stack(0x000000006d950000,0x000000006da50000)]
  0x000000006b76e480 JavaThread "Unconstrained build operations" [_thread_blocked, id=4964, stack(0x000000006c5e0000,0x000000006c6e0000)]
  0x000000006b771ef0 JavaThread "Unconstrained build operations Thread 2" [_thread_blocked, id=11680, stack(0x000000006c6e0000,0x000000006c7e0000)]
  0x000000006b770460 JavaThread "Unconstrained build operations Thread 3" [_thread_blocked, id=11888, stack(0x000000006c7e0000,0x000000006c8e0000)]
  0x000000006b772440 JavaThread "build event listener" [_thread_blocked, id=10944, stack(0x000000006da50000,0x000000006db50000)]
  0x000000006b772990 JavaThread "included builds" [_thread_blocked, id=2192, stack(0x000000006db50000,0x000000006dc50000)]
  0x000000006b773ed0 JavaThread "Cache worker for execution history cache (C:\MyWork\tmpcode\tauri2demo\backend\src-tauri\gen\android\buildSrc\.gradle\8.14.3\executionHistory)" [_thread_blocked, id=11764, stack(0x000000006dc50000,0x000000006dd50000)]
  0x000000006b774420 JavaThread "Unconstrained build operations Thread 4" [_thread_blocked, id=3140, stack(0x000000006dff0000,0x000000006e0f0000)]
  0x000000006b774970 JavaThread "Unconstrained build operations Thread 5" [_thread_blocked, id=12224, stack(0x000000006e0f0000,0x000000006e1f0000)]
  0x000000006b770f00 JavaThread "Unconstrained build operations Thread 6" [_thread_blocked, id=3012, stack(0x000000006dd50000,0x000000006de50000)]
  0x000000006b775eb0 JavaThread "Unconstrained build operations Thread 7" [_thread_blocked, id=11476, stack(0x000000006de50000,0x000000006df50000)]
  0x000000006b775410 JavaThread "WorkerExecutor Queue" [_thread_blocked, id=12076, stack(0x000000006e1f0000,0x000000006e2f0000)]
  0x000000006b775960 JavaThread "RMI Scheduler(0)" daemon [_thread_blocked, id=6108, stack(0x0000000065f00000,0x0000000066000000)]
  0x00000000671baaa0 JavaThread "RMI GC Daemon" daemon [_thread_blocked, id=3752, stack(0x0000000072400000,0x0000000072500000)]
  0x00000000650fca60 JavaThread "RMI TCP Accept-0" daemon [_thread_in_native, id=276, stack(0x0000000072500000,0x0000000072600000)]
  0x0000000067974ae0 JavaThread "RMI Reaper" [_thread_blocked, id=12160, stack(0x0000000072600000,0x0000000072700000)]
  0x0000000067975ad0 JavaThread "RMI TCP Connection(idle)" daemon [_thread_blocked, id=11732, stack(0x0000000072700000,0x0000000072800000)]
  0x0000000067975580 JavaThread "Unconstrained build operations Thread 8" [_thread_blocked, id=6256, stack(0x0000000072900000,0x0000000072a00000)]
  0x0000000067973af0 JavaThread "Unconstrained build operations Thread 9" [_thread_blocked, id=6248, stack(0x0000000072a00000,0x0000000072b00000)]
  0x0000000067973050 JavaThread "Unconstrained build operations Thread 10" [_thread_blocked, id=8248, stack(0x000000006e2f0000,0x000000006e3f0000)]
  0x0000000067978000 JavaThread "build event listener" [_thread_blocked, id=8688, stack(0x0000000075050000,0x0000000075150000)]
  0x0000000067979540 JavaThread "Problems report writer" [_thread_blocked, id=9552, stack(0x0000000073ad0000,0x0000000073bd0000)]
  0x0000000073839b00 JavaThread "Cache worker for execution history cache (C:\MyWork\tmpcode\tauri2demo\backend\src-tauri\gen\android\.gradle\8.14.3\executionHistory)" [_thread_blocked, id=5456, stack(0x0000000073bd0000,0x0000000073cd0000)]
  0x000000007383c030 JavaThread "Exec process" [_thread_in_native, id=4916, stack(0x0000000073cd0000,0x0000000073dd0000)]
  0x000000007383d020 JavaThread "Exec process Thread 2" [_thread_in_native, id=8352, stack(0x0000000073dd0000,0x0000000073ed0000)]
  0x000000007383a5a0 JavaThread "Exec process Thread 3" [_thread_in_native, id=3932, stack(0x0000000074f00000,0x0000000075000000)]

Other Threads:
  0x000000001f3a8930 VMThread "VM Thread" [stack: 0x000000001f600000,0x000000001f700000] [id=12256]
  0x000000006521edd0 WatcherThread "VM Periodic Task Thread" [stack: 0x0000000065600000,0x0000000065700000] [id=11120]
  0x0000000002c33660 WorkerThread "GC Thread#0" [stack: 0x000000001c880000,0x000000001c980000] [id=1184]
  0x00000000652ddf30 WorkerThread "GC Thread#1" [stack: 0x0000000066000000,0x0000000066100000] [id=480]
  0x00000000652de200 WorkerThread "GC Thread#2" [stack: 0x0000000066100000,0x0000000066200000] [id=7040]
  0x00000000663801d0 WorkerThread "GC Thread#3" [stack: 0x00000000671d0000,0x00000000672d0000] [id=6292]
  0x000000006637fc30 WorkerThread "GC Thread#4" [stack: 0x00000000672d0000,0x00000000673d0000] [id=11740]
  0x00000000673ff160 WorkerThread "GC Thread#5" [stack: 0x0000000068d90000,0x0000000068e90000] [id=4404]
  0x0000000002c44320 ConcurrentGCThread "G1 Main Marker" [stack: 0x000000001c980000,0x000000001ca80000] [id=10392]
  0x0000000002c45810 WorkerThread "G1 Conc#0" [stack: 0x000000001ca80000,0x000000001cb80000] [id=8844]
  0x00000000673ff700 WorkerThread "G1 Conc#1" [stack: 0x000000006a660000,0x000000006a760000] [id=7424]
  0x000000001f257560 ConcurrentGCThread "G1 Refine#0" [stack: 0x000000001f400000,0x000000001f500000] [id=7056]
  0x000000001f257cb0 ConcurrentGCThread "G1 Service" [stack: 0x000000001f500000,0x000000001f600000] [id=6728]

Threads with active compile tasks:
C2 CompilerThread0    62163 15411   !   4       java.util.concurrent.LinkedBlockingQueue::poll (128 bytes)

VM state: not at safepoint (normal execution)

VM Mutex/Monitor currently owned by a thread: None

Heap address: 0x0000000080000000, size: 2048 MB, Compressed Oops mode: 32-bit

CDS archive(s) mapped at: [0x000000001f800000-0x0000000020460000-0x0000000020460000), size 12976128, SharedBaseAddress: 0x000000001f800000, ArchiveRelocationMode: 1.
Compressed class space mapped at: 0x0000000020800000-0x0000000060800000, reserved size: 1073741824
Narrow klass base: 0x000000001f800000, Narrow klass shift: 0, Narrow klass range: 0x100000000

GC Precious Log:
 CardTable entry size: 512
 Card Set container configuration: InlinePtr #cards 5 size 8 Array Of Cards #cards 12 size 40 Howl #buckets 4 coarsen threshold 1843 Howl Bitmap #cards 512 size 80 coarsen threshold 460 Card regions per heap region 1 cards per card region 2048
 CPUs: 6 total, 6 available
 Memory: 8172M
 Large Page Support: Disabled
 NUMA Support: Disabled
 Compressed Oops: Enabled (32-bit)
 Heap Region Size: 1M
 Heap Min Capacity: 8M
 Heap Initial Capacity: 128M
 Heap Max Capacity: 2G
 Pre-touch: Disabled
 Parallel Workers: 6
 Concurrent Workers: 2
 Concurrent Refinement Workers: 6
 Periodic GC: Disabled

Heap:
 garbage-first heap   total 245760K, used 201453K [0x0000000080000000, 0x0000000100000000)
  region size 1024K, 61 young (62464K), 10 survivors (10240K)
 Metaspace       used 116459K, committed 119040K, reserved 1179648K
  class space    used 16117K, committed 17408K, reserved 1048576K

Heap Regions: E=young(eden), S=young(survivor), O=old, HS=humongous(starts), HC=humongous(continues), CS=collection set, F=free, OA=open archive, CA=closed archive, TAMS=top-at-mark-start, PB=parsable bottom
|   0|0x0000000080000000, 0x0000000080100000, 0x0000000080100000|100%|HS|  |TAMS 0x0000000080000000| PB 0x0000000080000000| Complete 
|   1|0x0000000080100000, 0x0000000080200000, 0x0000000080200000|100%|HC|  |TAMS 0x0000000080100000| PB 0x0000000080100000| Complete 
|   2|0x0000000080200000, 0x0000000080300000, 0x0000000080300000|100%|HC|  |TAMS 0x0000000080200000| PB 0x0000000080200000| Complete 
|   3|0x0000000080300000, 0x0000000080400000, 0x0000000080400000|100%| O|  |TAMS 0x0000000080300000| PB 0x0000000080300000| Untracked 
|   4|0x0000000080400000, 0x0000000080500000, 0x0000000080500000|100%| O|  |TAMS 0x0000000080400000| PB 0x0000000080400000| Untracked 
|   5|0x0000000080500000, 0x0000000080600000, 0x0000000080600000|100%| O|  |TAMS 0x0000000080500000| PB 0x0000000080500000| Untracked 
|   6|0x0000000080600000, 0x0000000080700000, 0x0000000080700000|100%|HS|  |TAMS 0x0000000080600000| PB 0x0000000080600000| Complete 
|   7|0x0000000080700000, 0x0000000080800000, 0x0000000080800000|100%| O|  |TAMS 0x0000000080700000| PB 0x0000000080700000| Untracked 
|   8|0x0000000080800000, 0x0000000080900000, 0x0000000080900000|100%| O|  |TAMS 0x0000000080800000| PB 0x0000000080800000| Untracked 
|   9|0x0000000080900000, 0x0000000080a00000, 0x0000000080a00000|100%| O|  |TAMS 0x0000000080900000| PB 0x0000000080900000| Untracked 
|  10|0x0000000080a00000, 0x0000000080b00000, 0x0000000080b00000|100%| O|  |TAMS 0x0000000080a00000| PB 0x0000000080a00000| Untracked 
|  11|0x0000000080b00000, 0x0000000080c00000, 0x0000000080c00000|100%| O|  |TAMS 0x0000000080b00000| PB 0x0000000080b00000| Untracked 
|  12|0x0000000080c00000, 0x0000000080d00000, 0x0000000080d00000|100%| O|  |TAMS 0x0000000080c00000| PB 0x0000000080c00000| Untracked 
|  13|0x0000000080d00000, 0x0000000080e00000, 0x0000000080e00000|100%| O|  |TAMS 0x0000000080d00000| PB 0x0000000080d00000| Untracked 
|  14|0x0000000080e00000, 0x0000000080f00000, 0x0000000080f00000|100%| O|  |TAMS 0x0000000080e00000| PB 0x0000000080e00000| Untracked 
|  15|0x0000000080f00000, 0x0000000081000000, 0x0000000081000000|100%| O|  |TAMS 0x0000000080f00000| PB 0x0000000080f00000| Untracked 
|  16|0x0000000081000000, 0x0000000081100000, 0x0000000081100000|100%| O|  |TAMS 0x0000000081000000| PB 0x0000000081000000| Untracked 
|  17|0x0000000081100000, 0x0000000081200000, 0x0000000081200000|100%| O|  |TAMS 0x0000000081100000| PB 0x0000000081100000| Untracked 
|  18|0x0000000081200000, 0x0000000081300000, 0x0000000081300000|100%| O|  |TAMS 0x0000000081200000| PB 0x0000000081200000| Untracked 
|  19|0x0000000081300000, 0x0000000081400000, 0x0000000081400000|100%| O|  |TAMS 0x0000000081300000| PB 0x0000000081300000| Untracked 
|  20|0x0000000081400000, 0x0000000081500000, 0x0000000081500000|100%| O|  |TAMS 0x0000000081400000| PB 0x0000000081400000| Untracked 
|  21|0x0000000081500000, 0x0000000081600000, 0x0000000081600000|100%| O|  |TAMS 0x0000000081500000| PB 0x0000000081500000| Untracked 
|  22|0x0000000081600000, 0x0000000081700000, 0x0000000081700000|100%| O|  |TAMS 0x0000000081600000| PB 0x0000000081600000| Untracked 
|  23|0x0000000081700000, 0x0000000081800000, 0x0000000081800000|100%| O|  |TAMS 0x0000000081700000| PB 0x0000000081700000| Untracked 
|  24|0x0000000081800000, 0x0000000081900000, 0x0000000081900000|100%| O|  |TAMS 0x0000000081800000| PB 0x0000000081800000| Untracked 
|  25|0x0000000081900000, 0x0000000081a00000, 0x0000000081a00000|100%| O|  |TAMS 0x0000000081900000| PB 0x0000000081900000| Untracked 
|  26|0x0000000081a00000, 0x0000000081b00000, 0x0000000081b00000|100%| O|  |TAMS 0x0000000081a00000| PB 0x0000000081a00000| Untracked 
|  27|0x0000000081b00000, 0x0000000081c00000, 0x0000000081c00000|100%| O|  |TAMS 0x0000000081b00000| PB 0x0000000081b00000| Untracked 
|  28|0x0000000081c00000, 0x0000000081d00000, 0x0000000081d00000|100%| O|  |TAMS 0x0000000081c00000| PB 0x0000000081c00000| Untracked 
|  29|0x0000000081d00000, 0x0000000081e00000, 0x0000000081e00000|100%| O|  |TAMS 0x0000000081d00000| PB 0x0000000081d00000| Untracked 
|  30|0x0000000081e00000, 0x0000000081f00000, 0x0000000081f00000|100%| O|  |TAMS 0x0000000081e00000| PB 0x0000000081e00000| Untracked 
|  31|0x0000000081f00000, 0x0000000082000000, 0x0000000082000000|100%| O|  |TAMS 0x0000000081f00000| PB 0x0000000081f00000| Untracked 
|  32|0x0000000082000000, 0x0000000082100000, 0x0000000082100000|100%| O|  |TAMS 0x0000000082000000| PB 0x0000000082000000| Untracked 
|  33|0x0000000082100000, 0x0000000082200000, 0x0000000082200000|100%|HS|  |TAMS 0x0000000082100000| PB 0x0000000082100000| Complete 
|  34|0x0000000082200000, 0x0000000082300000, 0x0000000082300000|100%| O|  |TAMS 0x0000000082200000| PB 0x0000000082200000| Untracked 
|  35|0x0000000082300000, 0x0000000082400000, 0x0000000082400000|100%| O|  |TAMS 0x0000000082300000| PB 0x0000000082300000| Untracked 
|  36|0x0000000082400000, 0x0000000082500000, 0x0000000082500000|100%| O|  |TAMS 0x0000000082400000| PB 0x0000000082400000| Untracked 
|  37|0x0000000082500000, 0x0000000082600000, 0x0000000082600000|100%|HS|  |TAMS 0x0000000082500000| PB 0x0000000082500000| Complete 
|  38|0x0000000082600000, 0x0000000082700000, 0x0000000082700000|100%|HC|  |TAMS 0x0000000082600000| PB 0x0000000082600000| Complete 
|  39|0x0000000082700000, 0x0000000082800000, 0x0000000082800000|100%|HS|  |TAMS 0x0000000082700000| PB 0x0000000082700000| Complete 
|  40|0x0000000082800000, 0x0000000082900000, 0x0000000082900000|100%|HC|  |TAMS 0x0000000082800000| PB 0x0000000082800000| Complete 
|  41|0x0000000082900000, 0x0000000082a00000, 0x0000000082a00000|100%| O|  |TAMS 0x0000000082900000| PB 0x0000000082900000| Untracked 
|  42|0x0000000082a00000, 0x0000000082b00000, 0x0000000082b00000|100%| O|  |TAMS 0x0000000082a00000| PB 0x0000000082a00000| Untracked 
|  43|0x0000000082b00000, 0x0000000082c00000, 0x0000000082c00000|100%| O|  |TAMS 0x0000000082b00000| PB 0x0000000082b00000| Untracked 
|  44|0x0000000082c00000, 0x0000000082d00000, 0x0000000082d00000|100%| O|  |TAMS 0x0000000082c00000| PB 0x0000000082c00000| Untracked 
|  45|0x0000000082d00000, 0x0000000082e00000, 0x0000000082e00000|100%|HS|  |TAMS 0x0000000082d00000| PB 0x0000000082d00000| Complete 
|  46|0x0000000082e00000, 0x0000000082f00000, 0x0000000082f00000|100%|HC|  |TAMS 0x0000000082e00000| PB 0x0000000082e00000| Complete 
|  47|0x0000000082f00000, 0x0000000083000000, 0x0000000083000000|100%|HC|  |TAMS 0x0000000082f00000| PB 0x0000000082f00000| Complete 
|  48|0x0000000083000000, 0x0000000083100000, 0x0000000083100000|100%| O|  |TAMS 0x0000000083000000| PB 0x0000000083000000| Untracked 
|  49|0x0000000083100000, 0x0000000083200000, 0x0000000083200000|100%| O|  |TAMS 0x0000000083100000| PB 0x0000000083100000| Untracked 
|  50|0x0000000083200000, 0x0000000083300000, 0x0000000083300000|100%|HS|  |TAMS 0x0000000083200000| PB 0x0000000083200000| Complete 
|  51|0x0000000083300000, 0x0000000083400000, 0x0000000083400000|100%|HC|  |TAMS 0x0000000083300000| PB 0x0000000083300000| Complete 
|  52|0x0000000083400000, 0x0000000083500000, 0x0000000083500000|100%|HC|  |TAMS 0x0000000083400000| PB 0x0000000083400000| Complete 
|  53|0x0000000083500000, 0x0000000083600000, 0x0000000083600000|100%| O|  |TAMS 0x0000000083500000| PB 0x0000000083500000| Untracked 
|  54|0x0000000083600000, 0x0000000083700000, 0x0000000083700000|100%| O|  |TAMS 0x0000000083600000| PB 0x0000000083600000| Untracked 
|  55|0x0000000083700000, 0x0000000083800000, 0x0000000083800000|100%| O|  |TAMS 0x0000000083700000| PB 0x0000000083700000| Untracked 
|  56|0x0000000083800000, 0x0000000083900000, 0x0000000083900000|100%| O|  |TAMS 0x0000000083800000| PB 0x0000000083800000| Untracked 
|  57|0x0000000083900000, 0x0000000083a00000, 0x0000000083a00000|100%| O|  |TAMS 0x0000000083900000| PB 0x0000000083900000| Untracked 
|  58|0x0000000083a00000, 0x0000000083b00000, 0x0000000083b00000|100%| O|  |TAMS 0x0000000083a00000| PB 0x0000000083a00000| Untracked 
|  59|0x0000000083b00000, 0x0000000083c00000, 0x0000000083c00000|100%| O|  |TAMS 0x0000000083b00000| PB 0x0000000083b00000| Untracked 
|  60|0x0000000083c00000, 0x0000000083d00000, 0x0000000083d00000|100%| O|  |TAMS 0x0000000083c00000| PB 0x0000000083c00000| Untracked 
|  61|0x0000000083d00000, 0x0000000083e00000, 0x0000000083e00000|100%|HS|  |TAMS 0x0000000083d00000| PB 0x0000000083d00000| Complete 
|  62|0x0000000083e00000, 0x0000000083f00000, 0x0000000083f00000|100%| O|  |TAMS 0x0000000083e00000| PB 0x0000000083e00000| Untracked 
|  63|0x0000000083f00000, 0x0000000084000000, 0x0000000084000000|100%| O|  |TAMS 0x0000000083f00000| PB 0x0000000083f00000| Untracked 
|  64|0x0000000084000000, 0x0000000084100000, 0x0000000084100000|100%| O|  |TAMS 0x0000000084000000| PB 0x0000000084000000| Untracked 
|  65|0x0000000084100000, 0x0000000084200000, 0x0000000084200000|100%| O|  |TAMS 0x0000000084100000| PB 0x0000000084100000| Untracked 
|  66|0x0000000084200000, 0x0000000084300000, 0x0000000084300000|100%|HS|  |TAMS 0x0000000084200000| PB 0x0000000084200000| Complete 
|  67|0x0000000084300000, 0x0000000084400000, 0x0000000084400000|100%| O|  |TAMS 0x0000000084300000| PB 0x0000000084300000| Untracked 
|  68|0x0000000084400000, 0x0000000084500000, 0x0000000084500000|100%| O|  |TAMS 0x0000000084400000| PB 0x0000000084400000| Untracked 
|  69|0x0000000084500000, 0x0000000084600000, 0x0000000084600000|100%|HS|  |TAMS 0x0000000084500000| PB 0x0000000084500000| Complete 
|  70|0x0000000084600000, 0x0000000084700000, 0x0000000084700000|100%|HS|  |TAMS 0x0000000084600000| PB 0x0000000084600000| Complete 
|  71|0x0000000084700000, 0x0000000084800000, 0x0000000084800000|100%| O|  |TAMS 0x0000000084700000| PB 0x0000000084700000| Untracked 
|  72|0x0000000084800000, 0x0000000084900000, 0x0000000084900000|100%| O|  |TAMS 0x0000000084800000| PB 0x0000000084800000| Untracked 
|  73|0x0000000084900000, 0x0000000084a00000, 0x0000000084a00000|100%| O|  |TAMS 0x0000000084900000| PB 0x0000000084900000| Untracked 
|  74|0x0000000084a00000, 0x0000000084b00000, 0x0000000084b00000|100%| O|  |TAMS 0x0000000084a00000| PB 0x0000000084a00000| Untracked 
|  75|0x0000000084b00000, 0x0000000084c00000, 0x0000000084c00000|100%| O|  |TAMS 0x0000000084b00000| PB 0x0000000084b00000| Untracked 
|  76|0x0000000084c00000, 0x0000000084d00000, 0x0000000084d00000|100%| O|  |TAMS 0x0000000084c00000| PB 0x0000000084c00000| Untracked 
|  77|0x0000000084d00000, 0x0000000084e00000, 0x0000000084e00000|100%| O|  |TAMS 0x0000000084d00000| PB 0x0000000084d00000| Untracked 
|  78|0x0000000084e00000, 0x0000000084f00000, 0x0000000084f00000|100%| O|  |TAMS 0x0000000084e00000| PB 0x0000000084e00000| Untracked 
|  79|0x0000000084f00000, 0x0000000085000000, 0x0000000085000000|100%| O|  |TAMS 0x0000000084f00000| PB 0x0000000084f00000| Untracked 
|  80|0x0000000085000000, 0x0000000085100000, 0x0000000085100000|100%| O|  |TAMS 0x0000000085000000| PB 0x0000000085000000| Untracked 
|  81|0x0000000085100000, 0x0000000085200000, 0x0000000085200000|100%| O|  |TAMS 0x0000000085100000| PB 0x0000000085100000| Untracked 
|  82|0x0000000085200000, 0x0000000085300000, 0x0000000085300000|100%| O|  |TAMS 0x0000000085200000| PB 0x0000000085200000| Untracked 
|  83|0x0000000085300000, 0x0000000085400000, 0x0000000085400000|100%|HS|  |TAMS 0x0000000085300000| PB 0x0000000085300000| Complete 
|  84|0x0000000085400000, 0x0000000085500000, 0x0000000085500000|100%|HC|  |TAMS 0x0000000085400000| PB 0x0000000085400000| Complete 
|  85|0x0000000085500000, 0x0000000085600000, 0x0000000085600000|100%|HS|  |TAMS 0x0000000085500000| PB 0x0000000085500000| Complete 
|  86|0x0000000085600000, 0x0000000085700000, 0x0000000085700000|100%|HC|  |TAMS 0x0000000085600000| PB 0x0000000085600000| Complete 
|  87|0x0000000085700000, 0x0000000085800000, 0x0000000085800000|100%|HC|  |TAMS 0x0000000085700000| PB 0x0000000085700000| Complete 
|  88|0x0000000085800000, 0x0000000085900000, 0x0000000085900000|100%|HC|  |TAMS 0x0000000085800000| PB 0x0000000085800000| Complete 
|  89|0x0000000085900000, 0x0000000085a00000, 0x0000000085a00000|100%|HS|  |TAMS 0x0000000085900000| PB 0x0000000085900000| Complete 
|  90|0x0000000085a00000, 0x0000000085b00000, 0x0000000085b00000|100%|HC|  |TAMS 0x0000000085a00000| PB 0x0000000085a00000| Complete 
|  91|0x0000000085b00000, 0x0000000085c00000, 0x0000000085c00000|100%|HS|  |TAMS 0x0000000085b00000| PB 0x0000000085b00000| Complete 
|  92|0x0000000085c00000, 0x0000000085d00000, 0x0000000085d00000|100%| O|  |TAMS 0x0000000085c00000| PB 0x0000000085c00000| Untracked 
|  93|0x0000000085d00000, 0x0000000085e00000, 0x0000000085e00000|100%| O|  |TAMS 0x0000000085d00000| PB 0x0000000085d00000| Untracked 
|  94|0x0000000085e00000, 0x0000000085e00000, 0x0000000085f00000|  0%| F|  |TAMS 0x0000000085e00000| PB 0x0000000085e00000| Untracked 
|  95|0x0000000085f00000, 0x0000000086000000, 0x0000000086000000|100%| O|  |TAMS 0x0000000085f00000| PB 0x0000000085f00000| Untracked 
|  96|0x0000000086000000, 0x0000000086100000, 0x0000000086100000|100%|HS|  |TAMS 0x0000000086000000| PB 0x0000000086000000| Complete 
|  97|0x0000000086100000, 0x0000000086200000, 0x0000000086200000|100%| O|  |TAMS 0x0000000086100000| PB 0x0000000086100000| Untracked 
|  98|0x0000000086200000, 0x0000000086300000, 0x0000000086300000|100%| O|  |TAMS 0x0000000086200000| PB 0x0000000086200000| Untracked 
|  99|0x0000000086300000, 0x0000000086400000, 0x0000000086400000|100%| O|  |TAMS 0x0000000086300000| PB 0x0000000086300000| Untracked 
| 100|0x0000000086400000, 0x0000000086500000, 0x0000000086500000|100%| O|  |TAMS 0x0000000086400000| PB 0x0000000086400000| Untracked 
| 101|0x0000000086500000, 0x0000000086600000, 0x0000000086600000|100%| O|  |TAMS 0x0000000086500000| PB 0x0000000086500000| Untracked 
| 102|0x0000000086600000, 0x0000000086700000, 0x0000000086700000|100%| O|  |TAMS 0x0000000086600000| PB 0x0000000086600000| Untracked 
| 103|0x0000000086700000, 0x0000000086800000, 0x0000000086800000|100%| O|  |TAMS 0x0000000086700000| PB 0x0000000086700000| Untracked 
| 104|0x0000000086800000, 0x0000000086900000, 0x0000000086900000|100%| O|  |TAMS 0x0000000086800000| PB 0x0000000086800000| Untracked 
| 105|0x0000000086900000, 0x0000000086a00000, 0x0000000086a00000|100%|HS|  |TAMS 0x0000000086900000| PB 0x0000000086900000| Complete 
| 106|0x0000000086a00000, 0x0000000086b00000, 0x0000000086b00000|100%|HC|  |TAMS 0x0000000086a00000| PB 0x0000000086a00000| Complete 
| 107|0x0000000086b00000, 0x0000000086c00000, 0x0000000086c00000|100%|HC|  |TAMS 0x0000000086b00000| PB 0x0000000086b00000| Complete 
| 108|0x0000000086c00000, 0x0000000086d00000, 0x0000000086d00000|100%|HC|  |TAMS 0x0000000086c00000| PB 0x0000000086c00000| Complete 
| 109|0x0000000086d00000, 0x0000000086e00000, 0x0000000086e00000|100%| O|  |TAMS 0x0000000086d00000| PB 0x0000000086d00000| Untracked 
| 110|0x0000000086e00000, 0x0000000086f00000, 0x0000000086f00000|100%| O|  |TAMS 0x0000000086e00000| PB 0x0000000086e00000| Untracked 
| 111|0x0000000086f00000, 0x0000000087000000, 0x0000000087000000|100%| O|  |TAMS 0x0000000086f00000| PB 0x0000000086f00000| Untracked 
| 112|0x0000000087000000, 0x0000000087100000, 0x0000000087100000|100%| O|  |TAMS 0x0000000087000000| PB 0x0000000087000000| Untracked 
| 113|0x0000000087100000, 0x0000000087200000, 0x0000000087200000|100%| O|  |TAMS 0x0000000087100000| PB 0x0000000087100000| Untracked 
| 114|0x0000000087200000, 0x0000000087200000, 0x0000000087300000|  0%| F|  |TAMS 0x0000000087200000| PB 0x0000000087200000| Untracked 
| 115|0x0000000087300000, 0x0000000087400000, 0x0000000087400000|100%| O|  |TAMS 0x0000000087300000| PB 0x0000000087300000| Untracked 
| 116|0x0000000087400000, 0x0000000087500000, 0x0000000087500000|100%| O|  |TAMS 0x0000000087400000| PB 0x0000000087400000| Untracked 
| 117|0x0000000087500000, 0x0000000087600000, 0x0000000087600000|100%| O|  |TAMS 0x0000000087500000| PB 0x0000000087500000| Untracked 
| 118|0x0000000087600000, 0x0000000087700000, 0x0000000087700000|100%| O|  |TAMS 0x0000000087600000| PB 0x0000000087600000| Untracked 
| 119|0x0000000087700000, 0x0000000087800000, 0x0000000087800000|100%| O|  |TAMS 0x0000000087700000| PB 0x0000000087700000| Untracked 
| 120|0x0000000087800000, 0x0000000087900000, 0x0000000087900000|100%| O|  |TAMS 0x0000000087800000| PB 0x0000000087800000| Untracked 
| 121|0x0000000087900000, 0x0000000087a00000, 0x0000000087a00000|100%| O|  |TAMS 0x0000000087900000| PB 0x0000000087900000| Untracked 
| 122|0x0000000087a00000, 0x0000000087b00000, 0x0000000087b00000|100%| O|  |TAMS 0x0000000087a00000| PB 0x0000000087a00000| Untracked 
| 123|0x0000000087b00000, 0x0000000087c00000, 0x0000000087c00000|100%| O|  |TAMS 0x0000000087b00000| PB 0x0000000087b00000| Untracked 
| 124|0x0000000087c00000, 0x0000000087d00000, 0x0000000087d00000|100%| O|  |TAMS 0x0000000087c00000| PB 0x0000000087c00000| Untracked 
| 125|0x0000000087d00000, 0x0000000087e00000, 0x0000000087e00000|100%| O|  |TAMS 0x0000000087d00000| PB 0x0000000087d00000| Untracked 
| 126|0x0000000087e00000, 0x0000000087f00000, 0x0000000087f00000|100%| O|  |TAMS 0x0000000087e00000| PB 0x0000000087e00000| Untracked 
| 127|0x0000000087f00000, 0x0000000088000000, 0x0000000088000000|100%| O|  |TAMS 0x0000000087f00000| PB 0x0000000087f00000| Untracked 
| 128|0x0000000088000000, 0x0000000088100000, 0x0000000088100000|100%| O|  |TAMS 0x0000000088000000| PB 0x0000000088000000| Untracked 
| 129|0x0000000088100000, 0x0000000088200000, 0x0000000088200000|100%| O|  |TAMS 0x0000000088100000| PB 0x0000000088100000| Untracked 
| 130|0x0000000088200000, 0x0000000088300000, 0x0000000088300000|100%| O|  |TAMS 0x0000000088200000| PB 0x0000000088200000| Untracked 
| 131|0x0000000088300000, 0x0000000088400000, 0x0000000088400000|100%| O|  |TAMS 0x0000000088300000| PB 0x0000000088300000| Untracked 
| 132|0x0000000088400000, 0x0000000088500000, 0x0000000088500000|100%| O|  |TAMS 0x0000000088400000| PB 0x0000000088400000| Untracked 
| 133|0x0000000088500000, 0x0000000088600000, 0x0000000088600000|100%| O|  |TAMS 0x0000000088500000| PB 0x0000000088500000| Untracked 
| 134|0x0000000088600000, 0x0000000088700000, 0x0000000088700000|100%| O|  |TAMS 0x0000000088600000| PB 0x0000000088600000| Untracked 
| 135|0x0000000088700000, 0x0000000088800000, 0x0000000088800000|100%| O|  |TAMS 0x0000000088700000| PB 0x0000000088700000| Untracked 
| 136|0x0000000088800000, 0x0000000088900000, 0x0000000088900000|100%| O|  |TAMS 0x0000000088800000| PB 0x0000000088800000| Untracked 
| 137|0x0000000088900000, 0x0000000088900000, 0x0000000088a00000|  0%| F|  |TAMS 0x0000000088900000| PB 0x0000000088900000| Untracked 
| 138|0x0000000088a00000, 0x0000000088a00000, 0x0000000088b00000|  0%| F|  |TAMS 0x0000000088a00000| PB 0x0000000088a00000| Untracked 
| 139|0x0000000088b00000, 0x0000000088b00000, 0x0000000088c00000|  0%| F|  |TAMS 0x0000000088b00000| PB 0x0000000088b00000| Untracked 
| 140|0x0000000088c00000, 0x0000000088c00000, 0x0000000088d00000|  0%| F|  |TAMS 0x0000000088c00000| PB 0x0000000088c00000| Untracked 
| 141|0x0000000088d00000, 0x0000000088d00000, 0x0000000088e00000|  0%| F|  |TAMS 0x0000000088d00000| PB 0x0000000088d00000| Untracked 
| 142|0x0000000088e00000, 0x0000000088e00000, 0x0000000088f00000|  0%| F|  |TAMS 0x0000000088e00000| PB 0x0000000088e00000| Untracked 
| 143|0x0000000088f00000, 0x0000000088f00000, 0x0000000089000000|  0%| F|  |TAMS 0x0000000088f00000| PB 0x0000000088f00000| Untracked 
| 144|0x0000000089000000, 0x0000000089000000, 0x0000000089100000|  0%| F|  |TAMS 0x0000000089000000| PB 0x0000000089000000| Untracked 
| 145|0x0000000089100000, 0x0000000089100000, 0x0000000089200000|  0%| F|  |TAMS 0x0000000089100000| PB 0x0000000089100000| Untracked 
| 146|0x0000000089200000, 0x00000000892bb5a0, 0x0000000089300000| 73%| S|CS|TAMS 0x0000000089200000| PB 0x0000000089200000| Complete 
| 147|0x0000000089300000, 0x0000000089400000, 0x0000000089400000|100%| S|CS|TAMS 0x0000000089300000| PB 0x0000000089300000| Complete 
| 148|0x0000000089400000, 0x0000000089500000, 0x0000000089500000|100%| S|CS|TAMS 0x0000000089400000| PB 0x0000000089400000| Complete 
| 149|0x0000000089500000, 0x0000000089600000, 0x0000000089600000|100%| S|CS|TAMS 0x0000000089500000| PB 0x0000000089500000| Complete 
| 150|0x0000000089600000, 0x0000000089700000, 0x0000000089700000|100%| S|CS|TAMS 0x0000000089600000| PB 0x0000000089600000| Complete 
| 151|0x0000000089700000, 0x0000000089800000, 0x0000000089800000|100%| S|CS|TAMS 0x0000000089700000| PB 0x0000000089700000| Complete 
| 152|0x0000000089800000, 0x0000000089900000, 0x0000000089900000|100%| S|CS|TAMS 0x0000000089800000| PB 0x0000000089800000| Complete 
| 153|0x0000000089900000, 0x0000000089a00000, 0x0000000089a00000|100%| S|CS|TAMS 0x0000000089900000| PB 0x0000000089900000| Complete 
| 154|0x0000000089a00000, 0x0000000089b00000, 0x0000000089b00000|100%| S|CS|TAMS 0x0000000089a00000| PB 0x0000000089a00000| Complete 
| 155|0x0000000089b00000, 0x0000000089c00000, 0x0000000089c00000|100%| S|CS|TAMS 0x0000000089b00000| PB 0x0000000089b00000| Complete 
| 156|0x0000000089c00000, 0x0000000089c00000, 0x0000000089d00000|  0%| F|  |TAMS 0x0000000089c00000| PB 0x0000000089c00000| Untracked 
| 157|0x0000000089d00000, 0x0000000089d00000, 0x0000000089e00000|  0%| F|  |TAMS 0x0000000089d00000| PB 0x0000000089d00000| Untracked 
| 158|0x0000000089e00000, 0x0000000089e00000, 0x0000000089f00000|  0%| F|  |TAMS 0x0000000089e00000| PB 0x0000000089e00000| Untracked 
| 159|0x0000000089f00000, 0x0000000089f00000, 0x000000008a000000|  0%| F|  |TAMS 0x0000000089f00000| PB 0x0000000089f00000| Untracked 
| 160|0x000000008a000000, 0x000000008a000000, 0x000000008a100000|  0%| F|  |TAMS 0x000000008a000000| PB 0x000000008a000000| Untracked 
| 161|0x000000008a100000, 0x000000008a100000, 0x000000008a200000|  0%| F|  |TAMS 0x000000008a100000| PB 0x000000008a100000| Untracked 
| 162|0x000000008a200000, 0x000000008a200000, 0x000000008a300000|  0%| F|  |TAMS 0x000000008a200000| PB 0x000000008a200000| Untracked 
| 163|0x000000008a300000, 0x000000008a300000, 0x000000008a400000|  0%| F|  |TAMS 0x000000008a300000| PB 0x000000008a300000| Untracked 
| 164|0x000000008a400000, 0x000000008a400000, 0x000000008a500000|  0%| F|  |TAMS 0x000000008a400000| PB 0x000000008a400000| Untracked 
| 165|0x000000008a500000, 0x000000008a500000, 0x000000008a600000|  0%| F|  |TAMS 0x000000008a500000| PB 0x000000008a500000| Untracked 
| 166|0x000000008a600000, 0x000000008a600000, 0x000000008a700000|  0%| F|  |TAMS 0x000000008a600000| PB 0x000000008a600000| Untracked 
| 167|0x000000008a700000, 0x000000008a700000, 0x000000008a800000|  0%| F|  |TAMS 0x000000008a700000| PB 0x000000008a700000| Untracked 
| 168|0x000000008a800000, 0x000000008a800000, 0x000000008a900000|  0%| F|  |TAMS 0x000000008a800000| PB 0x000000008a800000| Untracked 
| 169|0x000000008a900000, 0x000000008a900000, 0x000000008aa00000|  0%| F|  |TAMS 0x000000008a900000| PB 0x000000008a900000| Untracked 
| 170|0x000000008aa00000, 0x000000008aa00000, 0x000000008ab00000|  0%| F|  |TAMS 0x000000008aa00000| PB 0x000000008aa00000| Untracked 
| 171|0x000000008ab00000, 0x000000008ab00000, 0x000000008ac00000|  0%| F|  |TAMS 0x000000008ab00000| PB 0x000000008ab00000| Untracked 
| 172|0x000000008ac00000, 0x000000008ac00000, 0x000000008ad00000|  0%| F|  |TAMS 0x000000008ac00000| PB 0x000000008ac00000| Untracked 
| 173|0x000000008ad00000, 0x000000008ad00000, 0x000000008ae00000|  0%| F|  |TAMS 0x000000008ad00000| PB 0x000000008ad00000| Untracked 
| 174|0x000000008ae00000, 0x000000008ae00000, 0x000000008af00000|  0%| F|  |TAMS 0x000000008ae00000| PB 0x000000008ae00000| Untracked 
| 175|0x000000008af00000, 0x000000008af00000, 0x000000008b000000|  0%| F|  |TAMS 0x000000008af00000| PB 0x000000008af00000| Untracked 
| 176|0x000000008b000000, 0x000000008b000000, 0x000000008b100000|  0%| F|  |TAMS 0x000000008b000000| PB 0x000000008b000000| Untracked 
| 177|0x000000008b100000, 0x000000008b100000, 0x000000008b200000|  0%| F|  |TAMS 0x000000008b100000| PB 0x000000008b100000| Untracked 
| 178|0x000000008b200000, 0x000000008b200000, 0x000000008b300000|  0%| F|  |TAMS 0x000000008b200000| PB 0x000000008b200000| Untracked 
| 179|0x000000008b300000, 0x000000008b300000, 0x000000008b400000|  0%| F|  |TAMS 0x000000008b300000| PB 0x000000008b300000| Untracked 
| 180|0x000000008b400000, 0x000000008b400000, 0x000000008b500000|  0%| F|  |TAMS 0x000000008b400000| PB 0x000000008b400000| Untracked 
| 181|0x000000008b500000, 0x000000008b500000, 0x000000008b600000|  0%| F|  |TAMS 0x000000008b500000| PB 0x000000008b500000| Untracked 
| 182|0x000000008b600000, 0x000000008b600000, 0x000000008b700000|  0%| F|  |TAMS 0x000000008b600000| PB 0x000000008b600000| Untracked 
| 183|0x000000008b700000, 0x000000008b700000, 0x000000008b800000|  0%| F|  |TAMS 0x000000008b700000| PB 0x000000008b700000| Untracked 
| 184|0x000000008b800000, 0x000000008b800000, 0x000000008b900000|  0%| F|  |TAMS 0x000000008b800000| PB 0x000000008b800000| Untracked 
| 185|0x000000008b900000, 0x000000008b900000, 0x000000008ba00000|  0%| F|  |TAMS 0x000000008b900000| PB 0x000000008b900000| Untracked 
| 186|0x000000008ba00000, 0x000000008ba00000, 0x000000008bb00000|  0%| F|  |TAMS 0x000000008ba00000| PB 0x000000008ba00000| Untracked 
| 187|0x000000008bb00000, 0x000000008bbea9c0, 0x000000008bc00000| 91%| E|  |TAMS 0x000000008bb00000| PB 0x000000008bb00000| Complete 
| 188|0x000000008bc00000, 0x000000008bd00000, 0x000000008bd00000|100%| E|CS|TAMS 0x000000008bc00000| PB 0x000000008bc00000| Complete 
| 189|0x000000008bd00000, 0x000000008be00000, 0x000000008be00000|100%| E|CS|TAMS 0x000000008bd00000| PB 0x000000008bd00000| Complete 
| 190|0x000000008be00000, 0x000000008bf00000, 0x000000008bf00000|100%| E|CS|TAMS 0x000000008be00000| PB 0x000000008be00000| Complete 
| 191|0x000000008bf00000, 0x000000008c000000, 0x000000008c000000|100%| E|CS|TAMS 0x000000008bf00000| PB 0x000000008bf00000| Complete 
| 192|0x000000008c000000, 0x000000008c100000, 0x000000008c100000|100%| E|CS|TAMS 0x000000008c000000| PB 0x000000008c000000| Complete 
| 193|0x000000008c100000, 0x000000008c200000, 0x000000008c200000|100%| E|CS|TAMS 0x000000008c100000| PB 0x000000008c100000| Complete 
| 194|0x000000008c200000, 0x000000008c300000, 0x000000008c300000|100%| E|CS|TAMS 0x000000008c200000| PB 0x000000008c200000| Complete 
| 195|0x000000008c300000, 0x000000008c400000, 0x000000008c400000|100%| E|CS|TAMS 0x000000008c300000| PB 0x000000008c300000| Complete 
| 196|0x000000008c400000, 0x000000008c500000, 0x000000008c500000|100%| E|CS|TAMS 0x000000008c400000| PB 0x000000008c400000| Complete 
| 197|0x000000008c500000, 0x000000008c600000, 0x000000008c600000|100%| E|CS|TAMS 0x000000008c500000| PB 0x000000008c500000| Complete 
| 198|0x000000008c600000, 0x000000008c700000, 0x000000008c700000|100%| E|CS|TAMS 0x000000008c600000| PB 0x000000008c600000| Complete 
| 199|0x000000008c700000, 0x000000008c800000, 0x000000008c800000|100%| E|CS|TAMS 0x000000008c700000| PB 0x000000008c700000| Complete 
| 200|0x000000008c800000, 0x000000008c900000, 0x000000008c900000|100%| E|CS|TAMS 0x000000008c800000| PB 0x000000008c800000| Complete 
| 201|0x000000008c900000, 0x000000008ca00000, 0x000000008ca00000|100%| E|CS|TAMS 0x000000008c900000| PB 0x000000008c900000| Complete 
| 202|0x000000008ca00000, 0x000000008cb00000, 0x000000008cb00000|100%| E|CS|TAMS 0x000000008ca00000| PB 0x000000008ca00000| Complete 
| 203|0x000000008cb00000, 0x000000008cc00000, 0x000000008cc00000|100%| E|CS|TAMS 0x000000008cb00000| PB 0x000000008cb00000| Complete 
| 204|0x000000008cc00000, 0x000000008cd00000, 0x000000008cd00000|100%| E|CS|TAMS 0x000000008cc00000| PB 0x000000008cc00000| Complete 
| 205|0x000000008cd00000, 0x000000008ce00000, 0x000000008ce00000|100%| E|CS|TAMS 0x000000008cd00000| PB 0x000000008cd00000| Complete 
| 206|0x000000008ce00000, 0x000000008cf00000, 0x000000008cf00000|100%| E|CS|TAMS 0x000000008ce00000| PB 0x000000008ce00000| Complete 
| 207|0x000000008cf00000, 0x000000008d000000, 0x000000008d000000|100%| E|CS|TAMS 0x000000008cf00000| PB 0x000000008cf00000| Complete 
| 208|0x000000008d000000, 0x000000008d100000, 0x000000008d100000|100%| E|CS|TAMS 0x000000008d000000| PB 0x000000008d000000| Complete 
| 209|0x000000008d100000, 0x000000008d200000, 0x000000008d200000|100%| E|CS|TAMS 0x000000008d100000| PB 0x000000008d100000| Complete 
| 210|0x000000008d200000, 0x000000008d300000, 0x000000008d300000|100%| E|CS|TAMS 0x000000008d200000| PB 0x000000008d200000| Complete 
| 211|0x000000008d300000, 0x000000008d400000, 0x000000008d400000|100%| E|CS|TAMS 0x000000008d300000| PB 0x000000008d300000| Complete 
| 212|0x000000008d400000, 0x000000008d500000, 0x000000008d500000|100%| E|CS|TAMS 0x000000008d400000| PB 0x000000008d400000| Complete 
| 213|0x000000008d500000, 0x000000008d600000, 0x000000008d600000|100%| E|CS|TAMS 0x000000008d500000| PB 0x000000008d500000| Complete 
| 214|0x000000008d600000, 0x000000008d700000, 0x000000008d700000|100%| E|CS|TAMS 0x000000008d600000| PB 0x000000008d600000| Complete 
| 215|0x000000008d700000, 0x000000008d800000, 0x000000008d800000|100%| E|CS|TAMS 0x000000008d700000| PB 0x000000008d700000| Complete 
| 216|0x000000008d800000, 0x000000008d900000, 0x000000008d900000|100%| E|CS|TAMS 0x000000008d800000| PB 0x000000008d800000| Complete 
| 217|0x000000008d900000, 0x000000008da00000, 0x000000008da00000|100%| E|CS|TAMS 0x000000008d900000| PB 0x000000008d900000| Complete 
| 218|0x000000008da00000, 0x000000008db00000, 0x000000008db00000|100%| E|CS|TAMS 0x000000008da00000| PB 0x000000008da00000| Complete 
| 219|0x000000008db00000, 0x000000008dc00000, 0x000000008dc00000|100%| E|CS|TAMS 0x000000008db00000| PB 0x000000008db00000| Complete 
| 220|0x000000008dc00000, 0x000000008dd00000, 0x000000008dd00000|100%| E|CS|TAMS 0x000000008dc00000| PB 0x000000008dc00000| Complete 
| 221|0x000000008dd00000, 0x000000008de00000, 0x000000008de00000|100%| E|CS|TAMS 0x000000008dd00000| PB 0x000000008dd00000| Complete 
| 222|0x000000008de00000, 0x000000008df00000, 0x000000008df00000|100%| E|CS|TAMS 0x000000008de00000| PB 0x000000008de00000| Complete 
| 223|0x000000008df00000, 0x000000008e000000, 0x000000008e000000|100%| E|CS|TAMS 0x000000008df00000| PB 0x000000008df00000| Complete 
| 224|0x000000008e000000, 0x000000008e100000, 0x000000008e100000|100%| E|CS|TAMS 0x000000008e000000| PB 0x000000008e000000| Complete 
| 225|0x000000008e100000, 0x000000008e200000, 0x000000008e200000|100%| E|CS|TAMS 0x000000008e100000| PB 0x000000008e100000| Complete 
| 226|0x000000008e200000, 0x000000008e300000, 0x000000008e300000|100%| E|CS|TAMS 0x000000008e200000| PB 0x000000008e200000| Complete 
| 227|0x000000008e300000, 0x000000008e400000, 0x000000008e400000|100%| E|CS|TAMS 0x000000008e300000| PB 0x000000008e300000| Complete 
| 228|0x000000008e400000, 0x000000008e500000, 0x000000008e500000|100%| E|CS|TAMS 0x000000008e400000| PB 0x000000008e400000| Complete 
| 229|0x000000008e500000, 0x000000008e600000, 0x000000008e600000|100%| E|CS|TAMS 0x000000008e500000| PB 0x000000008e500000| Complete 
| 230|0x000000008e600000, 0x000000008e700000, 0x000000008e700000|100%| E|CS|TAMS 0x000000008e600000| PB 0x000000008e600000| Complete 
| 231|0x000000008e700000, 0x000000008e800000, 0x000000008e800000|100%| E|CS|TAMS 0x000000008e700000| PB 0x000000008e700000| Complete 
| 232|0x000000008e800000, 0x000000008e900000, 0x000000008e900000|100%| E|CS|TAMS 0x000000008e800000| PB 0x000000008e800000| Complete 
| 233|0x000000008e900000, 0x000000008ea00000, 0x000000008ea00000|100%| E|CS|TAMS 0x000000008e900000| PB 0x000000008e900000| Complete 
| 234|0x000000008ea00000, 0x000000008eb00000, 0x000000008eb00000|100%| E|CS|TAMS 0x000000008ea00000| PB 0x000000008ea00000| Complete 
| 235|0x000000008eb00000, 0x000000008ec00000, 0x000000008ec00000|100%| E|CS|TAMS 0x000000008eb00000| PB 0x000000008eb00000| Complete 
| 236|0x000000008ec00000, 0x000000008ed00000, 0x000000008ed00000|100%| E|CS|TAMS 0x000000008ec00000| PB 0x000000008ec00000| Complete 
| 237|0x000000008ed00000, 0x000000008ee00000, 0x000000008ee00000|100%| E|CS|TAMS 0x000000008ed00000| PB 0x000000008ed00000| Complete 
|2046|0x00000000ffe00000, 0x00000000fff00000, 0x00000000fff00000|100%| O|  |TAMS 0x00000000ffe00000| PB 0x00000000ffe00000| Untracked 
|2047|0x00000000fff00000, 0x0000000100000000, 0x0000000100000000|100%| O|  |TAMS 0x00000000fff00000| PB 0x00000000fff00000| Untracked 

Card table byte_map: [0x000000001a080000,0x000000001a480000] _byte_map_base: 0x0000000019c80000

Marking Bits: (CMBitMap*) 0x0000000002c33a40
 Bits: [0x000000001a880000, 0x000000001c880000)

Polling page: 0x0000000000570000

Metaspace:

Usage:
  Non-class:     97.99 MB used.
      Class:     15.74 MB used.
       Both:    113.73 MB used.

Virtual space:
  Non-class space:      128.00 MB reserved,      99.25 MB ( 78%) committed,  2 nodes.
      Class space:        1.00 GB reserved,      17.00 MB (  2%) committed,  1 nodes.
             Both:        1.12 GB reserved,     116.25 MB ( 10%) committed. 

Chunk freelists:
   Non-Class:  784.00 KB
       Class:  3.04 MB
        Both:  3.81 MB

MaxMetaspaceSize: unlimited
CompressedClassSpaceSize: 1.00 GB
Initial GC threshold: 21.00 MB
Current GC threshold: 176.06 MB
CDS: on
MetaspaceReclaimPolicy: balanced
 - commit_granule_bytes: 65536.
 - commit_granule_words: 8192.
 - virtual_space_node_default_size: 8388608.
 - enlarge_chunks_in_place: 1.
 - new_chunks_are_fully_committed: 0.
 - uncommit_free_chunks: 1.
 - use_allocation_guard: 0.


Internal statistics:

num_allocs_failed_limit: 9.
num_arena_births: 4690.
num_arena_deaths: 0.
num_vsnodes_births: 3.
num_vsnodes_deaths: 0.
num_space_committed: 1860.
num_space_uncommitted: 0.
num_chunks_returned_to_freelist: 9.
num_chunks_taken_from_freelist: 10105.
num_chunk_merges: 9.
num_chunk_splits: 6604.
num_chunks_enlarged: 4188.
num_inconsistent_stats: 0.

CodeHeap 'non-profiled nmethods': size=120000Kb used=8204Kb max_used=8204Kb free=111795Kb
 bounds [0x0000000012750000, 0x0000000012f60000, 0x0000000019c80000]
CodeHeap 'profiled nmethods': size=120000Kb used=25343Kb max_used=25343Kb free=94656Kb
 bounds [0x000000000ac80000, 0x000000000c540000, 0x00000000121b0000]
CodeHeap 'non-nmethods': size=5760Kb used=3032Kb max_used=3083Kb free=2727Kb
 bounds [0x00000000121b0000, 0x00000000124c0000, 0x0000000012750000]
 total_blobs=14343 nmethods=13289 adapters=964
 compilation: enabled
              stopped_count=0, restarted_count=0
 full_count=0

Compilation events (20 events):
Event: 58.563 Thread 0x000000001f3d5430 nmethod 15401 0x0000000012f51910 code [0x0000000012f51a80, 0x0000000012f51b48]
Event: 58.567 Thread 0x000000001f3d5430 15402       1       org.gradle.launcher.daemon.protocol.OutputMessage::getEvent (5 bytes)
Event: 58.567 Thread 0x000000001f3d5430 nmethod 15402 0x0000000012f51c10 code [0x0000000012f51d80, 0x0000000012f51e48]
Event: 58.567 Thread 0x000000001f3d5430 15403       3       java.nio.MappedByteBuffer::flip (7 bytes)
Event: 58.567 Thread 0x000000001f3d5430 nmethod 15403 0x000000000c53e810 code [0x000000000c53e9a0, 0x000000000c53eb80]
Event: 59.106 Thread 0x000000001f3d5430 15404       1       java.lang.management.DefaultPlatformMBeanProvider$5::mbeanInterfaceNames (5 bytes)
Event: 59.106 Thread 0x000000001f3d5430 nmethod 15404 0x0000000012f51f10 code [0x0000000012f52080, 0x0000000012f52148]
Event: 59.106 Thread 0x000000001f3d5430 15405       1       java.lang.management.DefaultPlatformMBeanProvider$6::mbeanInterfaceNames (5 bytes)
Event: 59.107 Thread 0x000000001f3d5430 nmethod 15405 0x0000000012f52210 code [0x0000000012f52380, 0x0000000012f52448]
Event: 60.491 Thread 0x000000001f3d47e0 15406       4       java.util.concurrent.locks.AbstractQueuedSynchronizer$ConditionObject::unlinkCancelledWaiters (91 bytes)
Event: 60.492 Thread 0x000000001f3d47e0 nmethod 15406 0x0000000012f52510 code [0x0000000012f52680, 0x0000000012f52920]
Event: 60.876 Thread 0x000000001f3d47e0 15407   !   4       java.lang.Thread::sleep (103 bytes)
Event: 60.877 Thread 0x000000001f3d47e0 nmethod 15407 0x0000000012f52a90 code [0x0000000012f52c00, 0x0000000012f52cd8]
Event: 61.267 Thread 0x000000001f3d5430 15408       1       org.gradle.launcher.daemon.server.health.gc.GarbageCollectionEvent::getUsage (5 bytes)
Event: 61.267 Thread 0x000000001f3d5430 nmethod 15408 0x0000000012f52e10 code [0x0000000012f52f80, 0x0000000012f53048]
Event: 61.271 Thread 0x000000001f3d5430 15409       3       java.io.BufferedInputStream::read1 (109 bytes)
Event: 61.272 Thread 0x000000001f3d5430 nmethod 15409 0x000000000c53ec90 code [0x000000000c53eec0, 0x000000000c53f7a8]
Event: 62.107 Thread 0x000000001f3d5430 15410       3       java.util.concurrent.ThreadPoolExecutor::isShutdown (12 bytes)
Event: 62.107 Thread 0x000000001f3d5430 nmethod 15410 0x000000000c53fa90 code [0x000000000c53fc20, 0x000000000c53fe08]
Event: 62.123 Thread 0x000000001f3d47e0 15411   !   4       java.util.concurrent.LinkedBlockingQueue::poll (128 bytes)

GC Heap History (20 events):
Event: 15.863 GC heap before
{Heap before GC invocations=34 (full 0):
 garbage-first heap   total 158720K, used 156263K [0x0000000080000000, 0x0000000100000000)
  region size 1024K, 60 young (61440K), 2 survivors (2048K)
 Metaspace       used 83416K, committed 85696K, reserved 1179648K
  class space    used 11653K, committed 12800K, reserved 1048576K
}
Event: 15.866 GC heap after
{Heap after GC invocations=35 (full 0):
 garbage-first heap   total 164864K, used 101428K [0x0000000080000000, 0x0000000100000000)
  region size 1024K, 7 young (7168K), 7 survivors (7168K)
 Metaspace       used 83416K, committed 85696K, reserved 1179648K
  class space    used 11653K, committed 12800K, reserved 1048576K
}
Event: 16.236 GC heap before
{Heap before GC invocations=35 (full 0):
 garbage-first heap   total 164864K, used 152628K [0x0000000080000000, 0x0000000100000000)
  region size 1024K, 52 young (53248K), 7 survivors (7168K)
 Metaspace       used 87029K, committed 89408K, reserved 1179648K
  class space    used 12087K, committed 13248K, reserved 1048576K
}
Event: 16.244 GC heap after
{Heap after GC invocations=36 (full 0):
 garbage-first heap   total 167936K, used 107843K [0x0000000080000000, 0x0000000100000000)
  region size 1024K, 6 young (6144K), 6 survivors (6144K)
 Metaspace       used 87029K, committed 89408K, reserved 1179648K
  class space    used 12087K, committed 13248K, reserved 1048576K
}
Event: 16.684 GC heap before
{Heap before GC invocations=36 (full 0):
 garbage-first heap   total 167936K, used 148803K [0x0000000080000000, 0x0000000100000000)
  region size 1024K, 48 young (49152K), 6 survivors (6144K)
 Metaspace       used 90722K, committed 93184K, reserved 1179648K
  class space    used 12551K, committed 13760K, reserved 1048576K
}
Event: 16.687 GC heap after
{Heap after GC invocations=37 (full 0):
 garbage-first heap   total 201728K, used 109897K [0x0000000080000000, 0x0000000100000000)
  region size 1024K, 3 young (3072K), 3 survivors (3072K)
 Metaspace       used 90722K, committed 93184K, reserved 1179648K
  class space    used 12551K, committed 13760K, reserved 1048576K
}
Event: 17.257 GC heap before
{Heap before GC invocations=37 (full 0):
 garbage-first heap   total 201728K, used 184649K [0x0000000080000000, 0x0000000100000000)
  region size 1024K, 72 young (73728K), 3 survivors (3072K)
 Metaspace       used 93693K, committed 96064K, reserved 1179648K
  class space    used 12919K, committed 14080K, reserved 1048576K
}
Event: 17.260 GC heap after
{Heap after GC invocations=38 (full 0):
 garbage-first heap   total 201728K, used 119800K [0x0000000080000000, 0x0000000100000000)
  region size 1024K, 8 young (8192K), 8 survivors (8192K)
 Metaspace       used 93693K, committed 96064K, reserved 1179648K
  class space    used 12919K, committed 14080K, reserved 1048576K
}
Event: 17.671 GC heap before
{Heap before GC invocations=38 (full 0):
 garbage-first heap   total 201728K, used 168952K [0x0000000080000000, 0x0000000100000000)
  region size 1024K, 57 young (58368K), 8 survivors (8192K)
 Metaspace       used 96612K, committed 99072K, reserved 1179648K
  class space    used 13308K, committed 14528K, reserved 1048576K
}
Event: 17.677 GC heap after
{Heap after GC invocations=39 (full 0):
 garbage-first heap   total 201728K, used 123846K [0x0000000080000000, 0x0000000100000000)
  region size 1024K, 4 young (4096K), 4 survivors (4096K)
 Metaspace       used 96612K, committed 99072K, reserved 1179648K
  class space    used 13308K, committed 14528K, reserved 1048576K
}
Event: 18.248 GC heap before
{Heap before GC invocations=40 (full 0):
 garbage-first heap   total 215040K, used 187334K [0x0000000080000000, 0x0000000100000000)
  region size 1024K, 65 young (66560K), 4 survivors (4096K)
 Metaspace       used 100954K, committed 103360K, reserved 1179648K
  class space    used 14060K, committed 15296K, reserved 1048576K
}
Event: 18.252 GC heap after
{Heap after GC invocations=41 (full 0):
 garbage-first heap   total 215040K, used 128762K [0x0000000080000000, 0x0000000100000000)
  region size 1024K, 9 young (9216K), 9 survivors (9216K)
 Metaspace       used 100954K, committed 103360K, reserved 1179648K
  class space    used 14060K, committed 15296K, reserved 1048576K
}
Event: 18.697 GC heap before
{Heap before GC invocations=41 (full 0):
 garbage-first heap   total 215040K, used 194298K [0x0000000080000000, 0x0000000100000000)
  region size 1024K, 73 young (74752K), 9 survivors (9216K)
 Metaspace       used 103835K, committed 106304K, reserved 1179648K
  class space    used 14443K, committed 15680K, reserved 1048576K
}
Event: 18.703 GC heap after
{Heap after GC invocations=42 (full 0):
 garbage-first heap   total 215040K, used 132784K [0x0000000080000000, 0x0000000100000000)
  region size 1024K, 10 young (10240K), 10 survivors (10240K)
 Metaspace       used 103835K, committed 106304K, reserved 1179648K
  class space    used 14443K, committed 15680K, reserved 1048576K
}
Event: 19.120 GC heap before
{Heap before GC invocations=42 (full 0):
 garbage-first heap   total 215040K, used 193200K [0x0000000080000000, 0x0000000100000000)
  region size 1024K, 69 young (70656K), 10 survivors (10240K)
 Metaspace       used 105560K, committed 108096K, reserved 1179648K
  class space    used 14702K, committed 15936K, reserved 1048576K
}
Event: 19.127 GC heap after
{Heap after GC invocations=43 (full 0):
 garbage-first heap   total 215040K, used 140041K [0x0000000080000000, 0x0000000100000000)
  region size 1024K, 8 young (8192K), 8 survivors (8192K)
 Metaspace       used 105560K, committed 108096K, reserved 1179648K
  class space    used 14702K, committed 15936K, reserved 1048576K
}
Event: 19.507 GC heap before
{Heap before GC invocations=44 (full 0):
 garbage-first heap   total 245760K, used 193289K [0x0000000080000000, 0x0000000100000000)
  region size 1024K, 60 young (61440K), 8 survivors (8192K)
 Metaspace       used 107453K, committed 110080K, reserved 1179648K
  class space    used 14967K, committed 16256K, reserved 1048576K
}
Event: 19.512 GC heap after
{Heap after GC invocations=45 (full 0):
 garbage-first heap   total 245760K, used 145662K [0x0000000080000000, 0x0000000100000000)
  region size 1024K, 6 young (6144K), 6 survivors (6144K)
 Metaspace       used 107453K, committed 110080K, reserved 1179648K
  class space    used 14967K, committed 16256K, reserved 1048576K
}
Event: 20.038 GC heap before
{Heap before GC invocations=45 (full 0):
 garbage-first heap   total 245760K, used 223486K [0x0000000080000000, 0x0000000100000000)
  region size 1024K, 82 young (83968K), 6 survivors (6144K)
 Metaspace       used 113700K, committed 116288K, reserved 1179648K
  class space    used 15796K, committed 17088K, reserved 1048576K
}
Event: 20.043 GC heap after
{Heap after GC invocations=46 (full 0):
 garbage-first heap   total 245760K, used 150253K [0x0000000080000000, 0x0000000100000000)
  region size 1024K, 10 young (10240K), 10 survivors (10240K)
 Metaspace       used 113700K, committed 116288K, reserved 1179648K
  class space    used 15796K, committed 17088K, reserved 1048576K
}

Dll operation events (16 events):
Event: 0.004 Loaded shared library C:\Users\admin\jdk\bin\java.dll
Event: 0.015 Loaded shared library C:\Users\admin\jdk\bin\jsvml.dll
Event: 0.045 Loaded shared library C:\Users\admin\jdk\bin\zip.dll
Event: 0.046 Loaded shared library C:\Users\admin\jdk\bin\instrument.dll
Event: 0.048 Loaded shared library C:\Users\admin\jdk\bin\net.dll
Event: 0.049 Loaded shared library C:\Users\admin\jdk\bin\nio.dll
Event: 0.051 Loaded shared library C:\Users\admin\jdk\bin\zip.dll
Event: 0.187 Loaded shared library C:\Users\admin\jdk\bin\jimage.dll
Event: 0.250 Loaded shared library C:\Users\admin\jdk\bin\verify.dll
Event: 0.317 Loaded shared library C:\Users\admin\.gradle\native\1def1411415f61bf3af743bc5b6707747c0891f09f0c88961ee8f79bc544acac\windows-amd64\native-platform.dll
Event: 0.325 Loaded shared library C:\Users\admin\.gradle\native\0.2.7\x86_64-windows-gnu\gradle-fileevents.dll
Event: 1.086 Loaded shared library C:\Users\admin\jdk\bin\management.dll
Event: 1.087 Loaded shared library C:\Users\admin\jdk\bin\management_ext.dll
Event: 1.172 Loaded shared library C:\Users\admin\jdk\bin\extnet.dll
Event: 1.287 Loaded shared library C:\Users\admin\jdk\bin\sunmscapi.dll
Event: 8.129 Loaded shared library C:\Users\admin\jdk\bin\rmi.dll

Deoptimization events (20 events):
Event: 21.314 Thread 0x000000007383d020 Uncommon trap: trap_request=0xffffffde fr.pc=0x0000000012c4409c relative=0x00000000000002bc
Event: 21.314 Thread 0x000000007383d020 Uncommon trap: reason=class_check action=maybe_recompile pc=0x0000000012c4409c method=org.gradle.internal.operations.logging.LoggingBuildOperationProgressBroadcaster.onOutput(Lorg/gradle/internal/logging/events/OutputEvent;)V @ 8 c2
Event: 21.314 Thread 0x000000007383d020 DEOPT PACKING pc=0x0000000012c4409c sp=0x0000000073ecede0
Event: 21.314 Thread 0x000000007383d020 DEOPT UNPACKING pc=0x0000000012219d22 sp=0x0000000073eced20 mode 2
Event: 21.362 Thread 0x000000007383d020 Uncommon trap: trap_request=0xffffffde fr.pc=0x0000000012c61968 relative=0x0000000000000648
Event: 21.362 Thread 0x000000007383d020 Uncommon trap: reason=class_check action=maybe_recompile pc=0x0000000012c61968 method=org.gradle.internal.logging.sink.OutputEventTransformer.onOutput(Lorg/gradle/internal/logging/events/OutputEvent;)V @ 308 c2
Event: 21.362 Thread 0x000000007383d020 DEOPT PACKING pc=0x0000000012c61968 sp=0x0000000073eceda0
Event: 21.362 Thread 0x000000007383d020 DEOPT UNPACKING pc=0x0000000012219d22 sp=0x0000000073eced28 mode 2
Event: 21.362 Thread 0x000000007383d020 Uncommon trap: trap_request=0xffffffde fr.pc=0x0000000012c4409c relative=0x00000000000002bc
Event: 21.362 Thread 0x000000007383d020 Uncommon trap: reason=class_check action=maybe_recompile pc=0x0000000012c4409c method=org.gradle.internal.operations.logging.LoggingBuildOperationProgressBroadcaster.onOutput(Lorg/gradle/internal/logging/events/OutputEvent;)V @ 8 c2
Event: 21.362 Thread 0x000000007383d020 DEOPT PACKING pc=0x0000000012c4409c sp=0x0000000073ecede0
Event: 21.362 Thread 0x000000007383d020 DEOPT UNPACKING pc=0x0000000012219d22 sp=0x0000000073eced20 mode 2
Event: 28.929 Thread 0x000000007383d020 Uncommon trap: trap_request=0xffffffde fr.pc=0x0000000012c61968 relative=0x0000000000000648
Event: 28.929 Thread 0x000000007383d020 Uncommon trap: reason=class_check action=maybe_recompile pc=0x0000000012c61968 method=org.gradle.internal.logging.sink.OutputEventTransformer.onOutput(Lorg/gradle/internal/logging/events/OutputEvent;)V @ 308 c2
Event: 28.929 Thread 0x000000007383d020 DEOPT PACKING pc=0x0000000012c61968 sp=0x0000000073eceda0
Event: 28.929 Thread 0x000000007383d020 DEOPT UNPACKING pc=0x0000000012219d22 sp=0x0000000073eced28 mode 2
Event: 28.929 Thread 0x000000007383d020 Uncommon trap: trap_request=0xffffffde fr.pc=0x0000000012c4409c relative=0x00000000000002bc
Event: 28.929 Thread 0x000000007383d020 Uncommon trap: reason=class_check action=maybe_recompile pc=0x0000000012c4409c method=org.gradle.internal.operations.logging.LoggingBuildOperationProgressBroadcaster.onOutput(Lorg/gradle/internal/logging/events/OutputEvent;)V @ 8 c2
Event: 28.929 Thread 0x000000007383d020 DEOPT PACKING pc=0x0000000012c4409c sp=0x0000000073ecede0
Event: 28.929 Thread 0x000000007383d020 DEOPT UNPACKING pc=0x0000000012219d22 sp=0x0000000073eced20 mode 2

Classes loaded (20 events):
Event: 20.082 Loading class com/sun/org/apache/xerces/internal/impl/XMLScanner$NameType
Event: 20.082 Loading class com/sun/org/apache/xerces/internal/impl/XMLScanner$NameType done
Event: 20.082 Loading class com/sun/org/apache/xerces/internal/impl/Constants
Event: 20.083 Loading class com/sun/org/apache/xerces/internal/impl/Constants done
Event: 20.083 Loading class com/sun/org/apache/xerces/internal/impl/Constants$ArrayEnumeration
Event: 20.083 Loading class com/sun/org/apache/xerces/internal/impl/Constants$ArrayEnumeration done
Event: 20.083 Loading class org/xml/sax/helpers/AttributesImpl
Event: 20.083 Loading class org/xml/sax/helpers/AttributesImpl done
Event: 20.084 Loading class java/util/regex/Pattern$Behind
Event: 20.084 Loading class java/util/regex/Pattern$Behind done
Event: 20.084 Loading class java/util/regex/Pattern$Neg
Event: 20.084 Loading class java/util/regex/Pattern$Neg done
Event: 20.090 Loading class javax/xml/datatype/DatatypeConfigurationException
Event: 20.090 Loading class javax/xml/datatype/DatatypeConfigurationException done
Event: 20.091 Loading class jdk/internal/reflect/MethodHandleBooleanFieldAccessorImpl
Event: 20.091 Loading class jdk/internal/reflect/MethodHandleBooleanFieldAccessorImpl done
Event: 20.092 Loading class com/sun/org/apache/xerces/internal/impl/io/MalformedByteSequenceException
Event: 20.092 Loading class java/io/CharConversionException
Event: 20.092 Loading class java/io/CharConversionException done
Event: 20.092 Loading class com/sun/org/apache/xerces/internal/impl/io/MalformedByteSequenceException done

Classes unloaded (0 events):
No events

Classes redefined (0 events):
No events

Internal exceptions (20 events):
Event: 19.494 Thread 0x00000000671b5050 Exception <a 'java/lang/NoClassDefFoundError'{0x000000008bb4e7a0}: org/jetbrains/kotlin/gradle/plugin/KotlinBasePluginWrapper> (0x000000008bb4e7a0) 
thrown [s\open\src\hotspot\share\oops\constantPool.cpp, line 848]
Event: 19.496 Thread 0x00000000671b5050 Exception <a 'java/lang/NoClassDefFoundError'{0x000000008bbbb010}: org/jetbrains/kotlin/gradle/plugin/KotlinBasePluginWrapper> (0x000000008bbbb010) 
thrown [s\open\src\hotspot\share\oops\constantPool.cpp, line 848]
Event: 19.503 Thread 0x00000000671b5050 Exception <a 'java/lang/IncompatibleClassChangeError'{0x000000008ba89578}: Found class java.lang.Object, but interface was expected> (0x000000008ba89578) 
thrown [s\open\src\hotspot\share\interpreter\linkResolver.cpp, line 840]
Event: 19.527 Thread 0x00000000671b5050 Implicit null exception at 0x00000000127e4c89 to 0x00000000127e6228
Event: 19.637 Thread 0x00000000671b5050 Exception <a 'sun/nio/fs/WindowsException'{0x000000008d6fcfd8}> (0x000000008d6fcfd8) 
thrown [s\open\src\hotspot\share\prims\jni.cpp, line 519]
Event: 19.839 Thread 0x00000000671b5050 Exception <a 'sun/nio/fs/WindowsException'{0x000000008bba2098}> (0x000000008bba2098) 
thrown [s\open\src\hotspot\share\prims\jni.cpp, line 519]
Event: 19.839 Thread 0x00000000671b5050 Exception <a 'sun/nio/fs/WindowsException'{0x000000008bba36d0}> (0x000000008bba36d0) 
thrown [s\open\src\hotspot\share\prims\jni.cpp, line 519]
Event: 19.839 Thread 0x00000000671b5050 Exception <a 'sun/nio/fs/WindowsException'{0x000000008bba4d58}> (0x000000008bba4d58) 
thrown [s\open\src\hotspot\share\prims\jni.cpp, line 519]
Event: 19.839 Thread 0x00000000671b5050 Exception <a 'sun/nio/fs/WindowsException'{0x000000008bba63e0}> (0x000000008bba63e0) 
thrown [s\open\src\hotspot\share\prims\jni.cpp, line 519]
Event: 19.925 Thread 0x00000000671b5050 Exception <a 'java/lang/NullPointerException'{0x000000008aa2b340}> (0x000000008aa2b340) 
thrown [s\open\src\hotspot\share\interpreter\linkResolver.cpp, line 1457]
Event: 20.091 Thread 0x00000000671b5050 Exception <a 'java/lang/NoSuchMethodError'{0x000000008e85fc50}: 'void java.lang.invoke.Invokers$Holder.invokeExact_MT(java.lang.Object, java.lang.Object, int, java.lang.Object)'> (0x000000008e85fc50) 
thrown [s\open\src\hotspot\share\interpreter\linkResolver.cpp, line 773]
Event: 20.119 Thread 0x00000000671b5050 Implicit null exception at 0x0000000012f0613e to 0x0000000012f0625c
Event: 20.245 Thread 0x00000000671b5050 Exception <a 'java/lang/NoClassDefFoundError'{0x000000008d109270}: org/jetbrains/kotlin/gradle/plugin/KotlinBasePluginWrapper> (0x000000008d109270) 
thrown [s\open\src\hotspot\share\oops\constantPool.cpp, line 848]
Event: 20.251 Thread 0x00000000671b5050 Exception <a 'java/lang/NoClassDefFoundError'{0x000000008d1f27a8}: org/jetbrains/kotlin/gradle/plugin/KotlinBasePluginWrapper> (0x000000008d1f27a8) 
thrown [s\open\src\hotspot\share\oops\constantPool.cpp, line 848]
Event: 20.258 Thread 0x00000000671b5050 Exception <a 'java/lang/NoClassDefFoundError'{0x000000008d0b07f8}: org/jetbrains/kotlin/gradle/plugin/KotlinBasePluginWrapper> (0x000000008d0b07f8) 
thrown [s\open\src\hotspot\share\oops\constantPool.cpp, line 848]
Event: 20.304 Thread 0x00000000671b5050 Exception <a 'java/lang/NoClassDefFoundError'{0x000000008c992f10}: org/jetbrains/kotlin/gradle/plugin/KotlinBasePluginWrapper> (0x000000008c992f10) 
thrown [s\open\src\hotspot\share\oops\constantPool.cpp, line 848]
Event: 20.313 Thread 0x00000000671b5050 Exception <a 'java/lang/NoClassDefFoundError'{0x000000008c8b47d8}: org/jetbrains/kotlin/gradle/plugin/KotlinBasePluginWrapper> (0x000000008c8b47d8) 
thrown [s\open\src\hotspot\share\oops\constantPool.cpp, line 848]
Event: 20.317 Thread 0x00000000671b5050 Exception <a 'java/lang/NoClassDefFoundError'{0x000000008c746640}: org/jetbrains/kotlin/gradle/plugin/KotlinBasePluginWrapper> (0x000000008c746640) 
thrown [s\open\src\hotspot\share\oops\constantPool.cpp, line 848]
Event: 20.401 Thread 0x000000007383c030 Exception <a 'java/io/IOException'{0x000000008bc14e90}: CreateProcess error=2, 系统找不到指定的文件。> (0x000000008bc14e90) 
thrown [s\open\src\hotspot\share\prims\jni.cpp, line 538]
Event: 20.408 Thread 0x000000007383c030 Exception <a 'java/io/IOException'{0x000000008bc42d08}: CreateProcess error=2, 系统找不到指定的文件。> (0x000000008bc42d08) 
thrown [s\open\src\hotspot\share\prims\jni.cpp, line 538]

VM Operations (20 events):
Event: 20.038 Executing VM operation: G1CollectForAllocation
Event: 20.043 Executing VM operation: G1CollectForAllocation done
Event: 20.073 Executing VM operation: HandshakeAllThreads
Event: 20.073 Executing VM operation: HandshakeAllThreads done
Event: 20.094 Executing VM operation: HandshakeAllThreads
Event: 20.094 Executing VM operation: HandshakeAllThreads done
Event: 20.196 Executing VM operation: ICBufferFull
Event: 20.196 Executing VM operation: ICBufferFull done
Event: 20.349 Executing VM operation: HandshakeAllThreads
Event: 20.349 Executing VM operation: HandshakeAllThreads done
Event: 21.106 Executing VM operation: ICBufferFull
Event: 21.106 Executing VM operation: ICBufferFull done
Event: 23.107 Executing VM operation: Cleanup
Event: 23.107 Executing VM operation: Cleanup done
Event: 26.110 Executing VM operation: Cleanup
Event: 26.110 Executing VM operation: Cleanup done
Event: 46.123 Executing VM operation: Cleanup
Event: 46.123 Executing VM operation: Cleanup done
Event: 60.055 Executing VM operation: HandshakeAllThreads
Event: 60.055 Executing VM operation: HandshakeAllThreads done

Events (20 events):
Event: 19.181 Thread 0x000000001f3a8930 flushing nmethod 0x00000000128eb410
Event: 19.181 Thread 0x000000001f3a8930 flushing nmethod 0x0000000012853090
Event: 19.181 Thread 0x000000001f3a8930 flushing nmethod 0x00000000127e3990
Event: 19.181 Thread 0x000000001f3a8930 flushing nmethod 0x00000000127e1590
Event: 19.181 Thread 0x000000001f3a8930 flushing nmethod 0x000000001286f510
Event: 19.181 Thread 0x000000001f3a8930 flushing nmethod 0x000000001285aa10
Event: 19.181 Thread 0x000000001f3a8930 flushing nmethod 0x000000001281c090
Event: 19.181 Thread 0x000000001f3a8930 flushing nmethod 0x000000001281b890
Event: 19.181 Thread 0x000000001f3a8930 flushing nmethod 0x0000000012816990
Event: 19.181 Thread 0x000000001f3a8930 flushing nmethod 0x00000000127e0c10
Event: 19.181 Thread 0x000000001f3a8930 flushing nmethod 0x00000000127d9810
Event: 19.181 Thread 0x000000001f3a8930 flushing nmethod 0x00000000127b1990
Event: 19.181 Thread 0x000000001f3a8930 flushing nmethod 0x00000000127b0a10
Event: 19.181 Thread 0x000000001f3a8930 flushing nmethod 0x00000000127ad090
Event: 19.181 Thread 0x000000001f3a8930 flushing nmethod 0x000000001276ed10
Event: 20.377 Thread 0x0000000073839b00 Thread added: 0x0000000073839b00
Event: 20.397 Thread 0x000000007383c030 Thread added: 0x000000007383c030
Event: 20.412 Thread 0x000000007383d020 Thread added: 0x000000007383d020
Event: 20.412 Thread 0x000000007383a5a0 Thread added: 0x000000007383a5a0
Event: 22.106 Thread 0x000000006a0a8d90 Thread exited: 0x000000006a0a8d90


Dynamic libraries:
0x00007ff64afa0000 - 0x00007ff64afae000 	C:\Users\admin\jdk\bin\java.exe
0x00007fff62080000 - 0x00007fff622e7000 	C:\WINDOWS\SYSTEM32\ntdll.dll
0x00007fff5ff70000 - 0x00007fff60039000 	C:\WINDOWS\System32\KERNEL32.DLL
0x00007fff5f9e0000 - 0x00007fff5fdd4000 	C:\WINDOWS\System32\KERNELBASE.dll
0x00007fff5ea00000 - 0x00007fff5eb4b000 	C:\WINDOWS\System32\ucrtbase.dll
0x00007fff54e90000 - 0x00007fff54eab000 	C:\Users\admin\jdk\bin\VCRUNTIME140.dll
0x00007fff5b570000 - 0x00007fff5b587000 	C:\Users\admin\jdk\bin\jli.dll
0x00007fff616b0000 - 0x00007fff61875000 	C:\WINDOWS\System32\USER32.dll
0x00007fff5fde0000 - 0x00007fff5fe07000 	C:\WINDOWS\System32\win32u.dll
0x00007fff46e60000 - 0x00007fff470f3000 	C:\WINDOWS\WinSxS\amd64_microsoft.windows.common-controls_6595b64144ccf1df_6.0.26100.8115_none_3e075c82e3354f9c\COMCTL32.dll
0x00007fff5fec0000 - 0x00007fff5feeb000 	C:\WINDOWS\System32\GDI32.dll
0x00007fff60e90000 - 0x00007fff60f39000 	C:\WINDOWS\System32\msvcrt.dll
0x00007fff5f6b0000 - 0x00007fff5f7db000 	C:\WINDOWS\System32\gdi32full.dll
0x00007fff5e950000 - 0x00007fff5e9f3000 	C:\WINDOWS\System32\msvcp_win.dll
0x00007fff60a40000 - 0x00007fff60a72000 	C:\WINDOWS\System32\IMM32.DLL
0x00007fff54e80000 - 0x00007fff54e8c000 	C:\Users\admin\jdk\bin\vcruntime140_1.dll
0x00007fff40040000 - 0x00007fff400ce000 	C:\Users\admin\jdk\bin\msvcp140.dll
0x00007fff15c90000 - 0x00007fff16928000 	C:\Users\admin\jdk\bin\server\jvm.dll
0x00007fff60100000 - 0x00007fff601b6000 	C:\WINDOWS\System32\ADVAPI32.dll
0x00007fff5fe10000 - 0x00007fff5feb7000 	C:\WINDOWS\System32\sechost.dll
0x00007fff61920000 - 0x00007fff61a38000 	C:\WINDOWS\System32\RPCRT4.dll
0x00007fff3fe00000 - 0x00007fff3fe36000 	C:\WINDOWS\SYSTEM32\WINMM.dll
0x00007fff5c150000 - 0x00007fff5c15a000 	C:\WINDOWS\SYSTEM32\WSOCK32.dll
0x00007fff58c50000 - 0x00007fff58c5b000 	C:\WINDOWS\SYSTEM32\VERSION.dll
0x00007fff61890000 - 0x00007fff61910000 	C:\WINDOWS\System32\WS2_32.dll
0x00007fff5d6e0000 - 0x00007fff5d6fb000 	C:\WINDOWS\SYSTEM32\kernel.appcore.dll
0x00007fff54e60000 - 0x00007fff54e6a000 	C:\Users\admin\jdk\bin\jimage.dll
0x00007fff36030000 - 0x00007fff36272000 	C:\WINDOWS\SYSTEM32\DBGHELP.DLL
0x00007fff60a80000 - 0x00007fff60e02000 	C:\WINDOWS\System32\combase.dll
0x00007fff615c0000 - 0x00007fff61698000 	C:\WINDOWS\System32\OLEAUT32.dll
0x00007fff52560000 - 0x00007fff5259b000 	C:\WINDOWS\SYSTEM32\dbgcore.DLL
0x00007fff5f7e0000 - 0x00007fff5f885000 	C:\WINDOWS\System32\bcryptPrimitives.dll
0x00007fff52240000 - 0x00007fff5224e000 	C:\Users\admin\jdk\bin\instrument.dll
0x00007fff52ba0000 - 0x00007fff52bc6000 	C:\Users\admin\jdk\bin\java.dll
0x00007fff3b250000 - 0x00007fff3b327000 	C:\Users\admin\jdk\bin\jsvml.dll
0x00007fff601c0000 - 0x00007fff60927000 	C:\WINDOWS\System32\SHELL32.dll
0x00007fff5eb50000 - 0x00007fff5ecba000 	C:\WINDOWS\System32\wintypes.dll
0x00007fff5ee40000 - 0x00007fff5f6a8000 	C:\WINDOWS\System32\windows.storage.dll
0x00007fff60940000 - 0x00007fff60a38000 	C:\WINDOWS\System32\SHCORE.dll
0x00007fff60040000 - 0x00007fff600a6000 	C:\WINDOWS\System32\shlwapi.dll
0x00007fff5e870000 - 0x00007fff5e899000 	C:\WINDOWS\SYSTEM32\profapi.dll
0x00007fff527b0000 - 0x00007fff527c8000 	C:\Users\admin\jdk\bin\zip.dll
0x00007fff52b80000 - 0x00007fff52b93000 	C:\Users\admin\jdk\bin\net.dll
0x00007fff58720000 - 0x00007fff5884d000 	C:\WINDOWS\SYSTEM32\WINHTTP.dll
0x00007fff5dc50000 - 0x00007fff5dcbc000 	C:\WINDOWS\system32\mswsock.dll
0x00007fff52850000 - 0x00007fff52866000 	C:\Users\admin\jdk\bin\nio.dll
0x00007fff54e50000 - 0x00007fff54e60000 	C:\Users\admin\jdk\bin\verify.dll
0x00007fff522e0000 - 0x00007fff52307000 	C:\Users\admin\.gradle\native\1def1411415f61bf3af743bc5b6707747c0891f09f0c88961ee8f79bc544acac\windows-amd64\native-platform.dll
0x00007fff44d40000 - 0x00007fff44db8000 	C:\Users\admin\.gradle\native\0.2.7\x86_64-windows-gnu\gradle-fileevents.dll
0x00007fff52bf0000 - 0x00007fff52bfa000 	C:\Users\admin\jdk\bin\management.dll
0x00007fff52b70000 - 0x00007fff52b7b000 	C:\Users\admin\jdk\bin\management_ext.dll
0x00007fff61880000 - 0x00007fff61888000 	C:\WINDOWS\System32\PSAPI.DLL
0x00007fff5d0e0000 - 0x00007fff5d112000 	C:\WINDOWS\SYSTEM32\IPHLPAPI.DLL
0x00007fff60930000 - 0x00007fff6093a000 	C:\WINDOWS\System32\NSI.dll
0x00007fff58510000 - 0x00007fff5852d000 	C:\WINDOWS\SYSTEM32\dhcpcsvc6.DLL
0x00007fff58a90000 - 0x00007fff58ab5000 	C:\WINDOWS\SYSTEM32\dhcpcsvc.DLL
0x00007fff5d120000 - 0x00007fff5d252000 	C:\WINDOWS\SYSTEM32\DNSAPI.dll
0x00007fff52840000 - 0x00007fff52847000 	C:\Users\admin\jdk\bin\extnet.dll
0x00007fff5df30000 - 0x00007fff5df4b000 	C:\WINDOWS\SYSTEM32\CRYPTSP.dll
0x00007fff5d640000 - 0x00007fff5d679000 	C:\WINDOWS\system32\rsaenh.dll
0x00007fff5dd00000 - 0x00007fff5dd33000 	C:\WINDOWS\SYSTEM32\USERENV.dll
0x00007fff5e840000 - 0x00007fff5e86a000 	C:\WINDOWS\SYSTEM32\bcrypt.dll
0x00007fff5df50000 - 0x00007fff5df5c000 	C:\WINDOWS\SYSTEM32\CRYPTBASE.dll
0x00007fff52230000 - 0x00007fff5223e000 	C:\Users\admin\jdk\bin\sunmscapi.dll
0x00007fff5ecc0000 - 0x00007fff5ee37000 	C:\WINDOWS\System32\CRYPT32.dll
0x00007fff5e150000 - 0x00007fff5e180000 	C:\WINDOWS\SYSTEM32\ncrypt.dll
0x00007fff5e100000 - 0x00007fff5e13f000 	C:\WINDOWS\SYSTEM32\NTASN1.dll
0x00007fff51f20000 - 0x00007fff51f28000 	C:\WINDOWS\system32\wshunix.dll
0x00007fff52c50000 - 0x00007fff52c68000 	C:\WINDOWS\system32\napinsp.dll
0x00007fff52b50000 - 0x00007fff52b63000 	C:\WINDOWS\System32\winrnr.dll
0x00007fff231e0000 - 0x00007fff23202000 	C:\WINDOWS\system32\nlansp_c.dll
0x00007fff4c520000 - 0x00007fff4c536000 	C:\WINDOWS\system32\wshbth.dll
0x00007fff58430000 - 0x00007fff5843b000 	C:\Windows\System32\rasadhlp.dll
0x00007fff57590000 - 0x00007fff57616000 	C:\WINDOWS\System32\fwpuclnt.dll
0x00007fff51f10000 - 0x00007fff51f17000 	C:\Users\admin\jdk\bin\rmi.dll

dbghelp: loaded successfully - version: 4.0.5 - missing functions: none
symbol engine: initialized successfully - sym options: 0x614 - pdb path: .;C:\Users\admin\jdk\bin;C:\WINDOWS\SYSTEM32;C:\WINDOWS\WinSxS\amd64_microsoft.windows.common-controls_6595b64144ccf1df_6.0.26100.8115_none_3e075c82e3354f9c;C:\Users\admin\jdk\bin\server;C:\Users\admin\.gradle\native\1def1411415f61bf3af743bc5b6707747c0891f09f0c88961ee8f79bc544acac\windows-amd64;C:\Users\admin\.gradle\native\0.2.7\x86_64-windows-gnu

VM Arguments:
jvm_args: --add-opens=java.base/java.lang=ALL-UNNAMED --add-opens=java.base/java.lang.invoke=ALL-UNNAMED --add-opens=java.base/java.util=ALL-UNNAMED --add-opens=java.prefs/java.util.prefs=ALL-UNNAMED --add-exports=jdk.compiler/com.sun.tools.javac.api=ALL-UNNAMED --add-exports=jdk.compiler/com.sun.tools.javac.util=ALL-UNNAMED --add-opens=java.base/java.util=ALL-UNNAMED --add-opens=java.prefs/java.util.prefs=ALL-UNNAMED --add-opens=java.base/java.nio.charset=ALL-UNNAMED --add-opens=java.base/java.net=ALL-UNNAMED --add-opens=java.base/java.util.concurrent.atomic=ALL-UNNAMED --add-opens=java.xml/javax.xml.namespace=ALL-UNNAMED -Xmx2048m -Dfile.encoding=UTF-8 -Duser.country=CN -Duser.language=zh -Duser.variant -javaagent:C:\Users\admin\.gradle\wrapper\dists\gradle-8.14.3-bin\cv11ve7ro1n3o1j4so8xd9n66\gradle-8.14.3\lib\agents\gradle-instrumentation-agent-8.14.3.jar 
java_command: org.gradle.launcher.daemon.bootstrap.GradleDaemon 8.14.3
java_class_path (initial): C:\Users\admin\.gradle\wrapper\dists\gradle-8.14.3-bin\cv11ve7ro1n3o1j4so8xd9n66\gradle-8.14.3\lib\gradle-daemon-main-8.14.3.jar
Launcher Type: SUN_STANDARD

[Global flags]
     intx CICompilerCount                          = 3                                         {product} {ergonomic}
     uint ConcGCThreads                            = 2                                         {product} {ergonomic}
     uint G1ConcRefinementThreads                  = 6                                         {product} {ergonomic}
   size_t G1HeapRegionSize                         = 1048576                                   {product} {ergonomic}
    uintx GCDrainStackTargetSize                   = 64                                        {product} {ergonomic}
   size_t InitialHeapSize                          = 134217728                                 {product} {ergonomic}
   size_t MarkStackSize                            = 4194304                                   {product} {ergonomic}
   size_t MaxHeapSize                              = 2147483648                                {product} {command line}
   size_t MaxNewSize                               = 1287651328                                {product} {ergonomic}
   size_t MinHeapDeltaBytes                        = 1048576                                   {product} {ergonomic}
   size_t MinHeapSize                              = 8388608                                   {product} {ergonomic}
    uintx NonNMethodCodeHeapSize                   = 5832780                                {pd product} {ergonomic}
    uintx NonProfiledCodeHeapSize                  = 122912730                              {pd product} {ergonomic}
    uintx ProfiledCodeHeapSize                     = 122912730                              {pd product} {ergonomic}
    uintx ReservedCodeCacheSize                    = 251658240                              {pd product} {ergonomic}
     bool SegmentedCodeCache                       = true                                      {product} {ergonomic}
   size_t SoftMaxHeapSize                          = 2147483648                             {manageable} {ergonomic}
     bool UseCompressedClassPointers               = true                           {product lp64_product} {ergonomic}
     bool UseCompressedOops                        = true                           {product lp64_product} {ergonomic}
     bool UseG1GC                                  = true                                      {product} {ergonomic}
     bool UseLargePagesIndividualAllocation        = false                                  {pd product} {ergonomic}

Logging:
Log output configuration:
 #0: stdout all=warning uptime,level,tags foldmultilines=false
 #1: stderr all=off uptime,level,tags foldmultilines=false

Environment Variables:
JAVA_HOME=C:\Users\admin\jdk
CLASSPATH=C:\MyWork\tmpcode\tauri2demo\backend\src-tauri\gen\android\\gradle\wrapper\gradle-wrapper.jar
PATH=./node_modules/.bin;C:\MyWork\tmpcode\tauri2demo\node_modules\.bin;C:\Users\admin\AppData\Local\pnpm\.tools\pnpm\10.19.0\bin;C:\Users\admin\.rustup\toolchains\stable-x86_64-pc-windows-gnu\lib\rustlib\x86_64-pc-windows-gnu\bin\self-contained;C:\Users\admin\.local\bin;C:\Users\admin\.npm\bin;C:\Users\admin\go\bin;;C:\Users\admin\.x-cmd.root\local\data\pkg\sphere\X\l\j\h\bin;C:\Users\admin\.x-cmd.root\bin;C:\Users\admin\bin;C:\Program Files\Git\mingw64\bin;C:\Program Files\Git\usr\local\bin;C:\Program Files\Git\usr\bin;C:\Program Files\Git\usr\bin;C:\Program Files\Git\mingw64\bin;C:\Program Files\Git\usr\bin;C:\Users\admin\bin;C:\Program Files\OpenSSH;C:\WINDOWS\system32;C:\WINDOWS;C:\WINDOWS\System32\Wbem;C:\WINDOWS\System32\WindowsPowerShell\v1.0;C:\WINDOWS\System32\OpenSSH;C:\Program Files\Git\cmd;C:\msys64\mingw64\bin;C:\Users\admin\.cargo\bin;C:\Users\admin\.local\bin;C:\Program Files\Git\cmd;C:\Users\admin\jdk\bin;C:\Users\admin\AppData\Local\Microsoft\WindowsApps;C:\GreenSoft\Alias;C:\Users\admin\.g\bin;C:\Users\admin\.g\go\bin;C:\Users\admin\go\bin;C:\Users\admin\.jvms\bin;C:\Users\admin\.nvm;C:\Users\admin\.nvm\nodejs;C:\Users\admin\npm_global;C:\Users\admin\.x-cmd.root\bin;C:\DevDisk\DevTools\AndroidSDK\platform-tools;C:\Program Files\Git\usr\bin\vendor_perl;C:\Program Files\Git\usr\bin\core_perl
USERNAME=admin
SHELL=C:\Program Files\Git\usr\bin\bash.exe
DISPLAY=needs-to-be-defined
LANG=zh_CN.UTF-8
TERM=xterm-256color
TMPDIR=C:\Users\admin\AppData\Local\Temp
OS=Windows_NT
PROCESSOR_IDENTIFIER=Intel64 Family 6 Model 151 Stepping 5, GenuineIntel
TMP=C:\Users\admin\AppData\Local\Temp
TEMP=C:\Users\admin\AppData\Local\Temp




---------------  S Y S T E M  ---------------

OS:
 Windows 11 , 64 bit Build 26100 (10.0.26100.8246)
OS uptime: 0 days 8:24 hours

CPU: total 6 (initial active 6) (6 cores per cpu, 1 threads per core) family 6 model 151 stepping 5 microcode 0x3b, cx8, cmov, fxsr, mmx, 3dnowpref, sse, sse2, sse3, ssse3, sse4.1, sse4.2, popcnt, lzcnt, tsc, tscinvbit, avx, avx2, aes, clmul, bmi1, bmi2, adx, sha, fma, vzeroupper, clflush, clflushopt, hv, rdtscp, f16c

Memory: 4k page, system-wide physical 8172M (2739M free)
TotalPageFile size 8172M (AvailPageFile size 0M)
current process WorkingSet (physical memory assigned to process): 520M, peak: 562M
current process commit charge ("private bytes"): 562M, peak: 600M

vm_info: OpenJDK 64-Bit Server VM (20.0.2+9-78) for windows-amd64 JRE (20.0.2+9-78), built on 2023-06-14T10:08:48Z by "mach5one" with MS VC++ 17.1 (VS2022)

END.
